Component: ARM Compiler 5.06 update 1 (build 61) Tool: armlink [4d35a8]

==============================================================================

Section Cross References

    startup_stm32f103xb.o(STACK) refers (Special) to heapauxi.o(.text) for __use_two_region_memory
    startup_stm32f103xb.o(HEAP) refers (Special) to heapauxi.o(.text) for __use_two_region_memory
    startup_stm32f103xb.o(RESET) refers (Special) to heapauxi.o(.text) for __use_two_region_memory
    startup_stm32f103xb.o(RESET) refers to startup_stm32f103xb.o(STACK) for __initial_sp
    startup_stm32f103xb.o(RESET) refers to startup_stm32f103xb.o(.text) for Reset_Handler
    startup_stm32f103xb.o(RESET) refers to stm32f1xx_it.o(i.NMI_Handler) for NMI_Handler
    startup_stm32f103xb.o(RESET) refers to stm32f1xx_it.o(i.HardFault_Handler) for HardFault_Handler
    startup_stm32f103xb.o(RESET) refers to stm32f1xx_it.o(i.MemManage_Handler) for MemManage_Handler
    startup_stm32f103xb.o(RESET) refers to stm32f1xx_it.o(i.BusFault_Handler) for BusFault_Handler
    startup_stm32f103xb.o(RESET) refers to stm32f1xx_it.o(i.UsageFault_Handler) for UsageFault_Handler
    startup_stm32f103xb.o(RESET) refers to stm32f1xx_it.o(i.SVC_Handler) for SVC_Handler
    startup_stm32f103xb.o(RESET) refers to stm32f1xx_it.o(i.DebugMon_Handler) for DebugMon_Handler
    startup_stm32f103xb.o(RESET) refers to stm32f1xx_it.o(i.PendSV_Handler) for PendSV_Handler
    startup_stm32f103xb.o(RESET) refers to stm32f1xx_it.o(i.SysTick_Handler) for SysTick_Handler
    startup_stm32f103xb.o(.text) refers (Special) to heapauxi.o(.text) for __use_two_region_memory
    startup_stm32f103xb.o(.text) refers to system_stm32f1xx.o(i.SystemInit) for SystemInit
    startup_stm32f103xb.o(.text) refers to __main.o(!!!main) for __main
    startup_stm32f103xb.o(.text) refers to startup_stm32f103xb.o(HEAP) for Heap_Mem
    startup_stm32f103xb.o(.text) refers to startup_stm32f103xb.o(STACK) for Stack_Mem
    flash.o(i.flash_erase) refers to stm32f1xx_hal_flash_ex.o(i.HAL_FLASHEx_Erase) for HAL_FLASHEx_Erase
    flash.o(i.flash_write) refers to stm32f1xx_hal_flash.o(i.HAL_FLASH_Program) for HAL_FLASH_Program
    main.o(i.HAL_PRINTF) refers to rt_memclr_w.o(.text) for __aeabi_memclr4
    main.o(i.HAL_PRINTF) refers to vsnprintf.o(.text) for vsnprintf
    main.o(i.HAL_PRINTF) refers to strlen.o(.text) for strlen
    main.o(i.HAL_PRINTF) refers to stm32f1xx_hal_uart.o(i.HAL_UART_Transmit) for HAL_UART_Transmit
    main.o(i.HAL_PRINTF) refers to main.o(.bss) for .bss
    main.o(i.MX_GPIO_Init) refers to stm32f1xx_hal_gpio.o(i.HAL_GPIO_WritePin) for HAL_GPIO_WritePin
    main.o(i.MX_GPIO_Init) refers to stm32f1xx_hal_gpio.o(i.HAL_GPIO_Init) for HAL_GPIO_Init
    main.o(i.MX_SPI1_Init) refers to stm32f1xx_hal_spi.o(i.HAL_SPI_Init) for HAL_SPI_Init
    main.o(i.MX_SPI1_Init) refers to main.o(.bss) for .bss
    main.o(i.SystemClock_Config) refers to rt_memclr_w.o(.text) for __aeabi_memclr4
    main.o(i.SystemClock_Config) refers to stm32f1xx_hal_rcc.o(i.HAL_RCC_OscConfig) for HAL_RCC_OscConfig
    main.o(i.SystemClock_Config) refers to stm32f1xx_hal_rcc.o(i.HAL_RCC_ClockConfig) for HAL_RCC_ClockConfig
    main.o(i.enter_to_application) refers to main.o(i.HAL_PRINTF) for HAL_PRINTF
    main.o(i.enter_to_application) refers to stm32f1xx_hal.o(i.HAL_Delay) for HAL_Delay
    main.o(i.enter_to_application) refers to stm32f1xx_hal_uart.o(i.HAL_UART_DeInit) for HAL_UART_DeInit
    main.o(i.enter_to_application) refers to stm32f1xx_hal_spi.o(i.HAL_SPI_DeInit) for HAL_SPI_DeInit
    main.o(i.enter_to_application) refers to stm32f1xx_hal_rcc.o(i.HAL_RCC_DeInit) for HAL_RCC_DeInit
    main.o(i.enter_to_application) refers to stm32f1xx_hal.o(i.HAL_DeInit) for HAL_DeInit
    main.o(i.enter_to_application) refers to main.o(.bss) for .bss
    main.o(i.erase_page_by_user) refers to main.o(i.HAL_PRINTF) for HAL_PRINTF
    main.o(i.erase_page_by_user) refers to stm32f1xx_hal_flash.o(i.HAL_FLASH_Unlock) for HAL_FLASH_Unlock
    main.o(i.erase_page_by_user) refers to flash.o(i.flash_erase) for flash_erase
    main.o(i.load_firmware_from_sdcard) refers to main.o(i.HAL_PRINTF) for HAL_PRINTF
    main.o(i.load_firmware_from_sdcard) refers to ff.o(i.f_mount) for f_mount
    main.o(i.load_firmware_from_sdcard) refers to ff.o(i.f_open) for f_open
    main.o(i.load_firmware_from_sdcard) refers to main.o(i.erase_page_by_user) for erase_page_by_user
    main.o(i.load_firmware_from_sdcard) refers to ff.o(i.f_close) for f_close
    main.o(i.load_firmware_from_sdcard) refers to ff.o(i.f_read) for f_read
    main.o(i.load_firmware_from_sdcard) refers to flash.o(i.flash_write) for flash_write
    main.o(i.load_firmware_from_sdcard) refers to stm32f1xx_hal_flash.o(i.HAL_FLASH_Lock) for HAL_FLASH_Lock
    main.o(i.load_firmware_from_sdcard) refers to main.o(i.verify_application) for verify_application
    main.o(i.load_firmware_from_sdcard) refers to main.o(.bss) for .bss
[...]
    i.HAL_RCC_OscConfig                      0x080025ac   Section        0  stm32f1xx_hal_rcc.o(i.HAL_RCC_OscConfig)
    i.HAL_SPI_DeInit                         0x080028cc   Section        0  stm32f1xx_hal_spi.o(i.HAL_SPI_DeInit)
    i.HAL_SPI_Init                           0x080028fa   Section        0  stm32f1xx_hal_spi.o(i.HAL_SPI_Init)
    i.HAL_SPI_MspDeInit                      0x080029ac   Section        0  stm32f1xx_hal_msp.o(i.HAL_SPI_MspDeInit)
    i.HAL_SPI_MspInit                        0x080029d4   Section        0  stm32f1xx_hal_msp.o(i.HAL_SPI_MspInit)
    i.HAL_SPI_Receive                        0x08002a44   Section        0  stm32f1xx_hal_spi.o(i.HAL_SPI_Receive)
    i.HAL_SPI_Transmit                       0x08002b98   Section        0  stm32f1xx_hal_spi.o(i.HAL_SPI_Transmit)
    i.HAL_SPI_TransmitReceive                0x08002cfe   Section        0  stm32f1xx_hal_spi.o(i.HAL_SPI_TransmitReceive)
    i.HAL_SYSTICK_Config                     0x08002eee   Section        0  stm32f1xx_hal_cortex.o(i.HAL_SYSTICK_Config)
    i.HAL_UART_DeInit                        0x08002f16   Section        0  stm32f1xx_hal_uart.o(i.HAL_UART_DeInit)
    i.HAL_UART_Init                          0x08002f4c   Section        0  stm32f1xx_hal_uart.o(i.HAL_UART_Init)
    i.HAL_UART_MspDeInit                     0x08002fb0   Section        0  stm32f1xx_hal_msp.o(i.HAL_UART_MspDeInit)
    i.HAL_UART_MspInit                       0x08002fdc   Section        0  stm32f1xx_hal_msp.o(i.HAL_UART_MspInit)
    i.HAL_UART_Transmit                      0x0800304c   Section        0  stm32f1xx_hal_uart.o(i.HAL_UART_Transmit)
    i.HardFault_Handler                      0x080030ec   Section        0  stm32f1xx_it.o(i.HardFault_Handler)
    i.MX_FATFS_Init                          0x080030f0   Section        0  fatfs.o(i.MX_FATFS_Init)
    i.MX_GPIO_Init                           0x0800310c   Section        0  main.o(i.MX_GPIO_Init)
    MX_GPIO_Init                             0x0800310d   Thumb Code   168  main.o(i.MX_GPIO_Init)
    i.MX_SPI1_Init                           0x080031c0   Section        0  main.o(i.MX_SPI1_Init)
    MX_SPI1_Init                             0x080031c1   Thumb Code    58  main.o(i.MX_SPI1_Init)
    i.MemManage_Handler                      0x08003204   Section        0  stm32f1xx_it.o(i.MemManage_Handler)
    i.NMI_Handler                            0x08003206   Section        0  stm32f1xx_it.o(i.NMI_Handler)
    i.PendSV_Handler                         0x08003208   Section        0  stm32f1xx_it.o(i.PendSV_Handler)
    i.SD_ReadBlock                           0x0800320c   Section        0  user_diskio.o(i.SD_ReadBlock)
    SD_ReadBlock                             0x0800320d   Thumb Code   140  user_diskio.o(i.SD_ReadBlock)
    i.SD_SendCmd                             0x080032a0   Section        0  user_diskio.o(i.SD_SendCmd)
    SD_SendCmd                               0x080032a1   Thumb Code   108  user_diskio.o(i.SD_SendCmd)
    i.SD_WriteBlock                          0x08003314   Section        0  user_diskio.o(i.SD_WriteBlock)
    SD_WriteBlock                            0x08003315   Thumb Code   140  user_diskio.o(i.SD_WriteBlock)
    i.SPI_Clock                              0x080033a8   Section        0  user_diskio.o(i.SPI_Clock)
    SPI_Clock                                0x080033a9   Thumb Code    20  user_diskio.o(i.SPI_Clock)
    i.SPI_EndRxTransaction                   0x080033bc   Section        0  stm32f1xx_hal_spi.o(i.SPI_EndRxTransaction)
    SPI_EndRxTransaction                     0x080033bd   Thumb Code    92  stm32f1xx_hal_spi.o(i.SPI_EndRxTransaction)
    i.SPI_EndRxTxTransaction                 0x08003418   Section        0  stm32f1xx_hal_spi.o(i.SPI_EndRxTxTransaction)
    SPI_EndRxTxTransaction                   0x08003419   Thumb Code    52  stm32f1xx_hal_spi.o(i.SPI_EndRxTxTransaction)
    i.SPI_TxRx                               0x0800344c   Section        0  user_diskio.o(i.SPI_TxRx)
    SPI_TxRx                                 0x0800344d   Thumb Code    28  user_diskio.o(i.SPI_TxRx)
    i.SPI_WaitFlagStateUntilTimeout          0x0800346c   Section        0  stm32f1xx_hal_spi.o(i.SPI_WaitFlagStateUntilTimeout)
    SPI_WaitFlagStateUntilTimeout            0x0800346d   Thumb Code   180  stm32f1xx_hal_spi.o(i.SPI_WaitFlagStateUntilTimeout)
    i.SVC_Handler                            0x08003524   Section        0  stm32f1xx_it.o(i.SVC_Handler)
    i.SysTick_Handler                        0x08003526   Section        0  stm32f1xx_it.o(i.SysTick_Handler)
    i.SystemClock_Config                     0x0800352a   Section        0  main.o(i.SystemClock_Config)
    i.SystemInit                             0x08003588   Section        0  system_stm32f1xx.o(i.SystemInit)
    i.UART_EndRxTransfer                     0x0800358a   Section        0  stm32f1xx_hal_uart.o(i.UART_EndRxTransfer)
    UART_EndRxTransfer                       0x0800358b   Thumb Code    78  stm32f1xx_hal_uart.o(i.UART_EndRxTransfer)
    i.UART_SetConfig                         0x080035d8   Section        0  stm32f1xx_hal_uart.o(i.UART_SetConfig)
    UART_SetConfig                           0x080035d9   Thumb Code   178  stm32f1xx_hal_uart.o(i.UART_SetConfig)
    i.UART_WaitOnFlagUntilTimeout            0x08003690   Section        0  stm32f1xx_hal_uart.o(i.UART_WaitOnFlagUntilTimeout)
    UART_WaitOnFlagUntilTimeout              0x08003691   Thumb Code   114  stm32f1xx_hal_uart.o(i.UART_WaitOnFlagUntilTimeout)
    i.USER_initialize                        0x08003704   Section        0  user_diskio.o(i.USER_initialize)
    i.USER_ioctl                             0x08003820   Section        0  user_diskio.o(i.USER_ioctl)
    i.USER_read                              0x08003848   Section        0  user_diskio.o(i.USER_read)
    i.USER_status                            0x08003872   Section        0  user_diskio.o(i.USER_status)
    i.USER_write                             0x08003876   Section        0  user_diskio.o(i.USER_write)
    i.UsageFault_Handler                     0x080038a0   Section        0  stm32f1xx_it.o(i.UsageFault_Handler)
    i.__ARM_fpclassify                       0x080038a2   Section        0  fpclassify.o(i.__ARM_fpclassify)
    i.__NVIC_SetPriority                     0x080038ca   Section        0  stm32f1xx_hal_cortex.o(i.__NVIC_SetPriority)
    __NVIC_SetPriority                       0x080038cb   Thumb Code    32  stm32f1xx_hal_cortex.o(i.__NVIC_SetPriority)
    i._is_digit                              0x080038ea   Section        0  __printf_wp.o(i._is_digit)
    i.check_fs                               0x080038f8   Section        0  ff.o(i.check_fs)
    check_fs                                 0x080038f9   Thumb Code    90  ff.o(i.check_fs)
    i.chk_chr                                0x08003958   Section        0  ff.o(i.chk_chr)
    chk_chr                                  0x08003959   Thumb Code    16  ff.o(i.chk_chr)
    i.chk_lock                               0x08003968   Section        0  ff.o(i.chk_lock)
    chk_lock                                 0x08003969   Thumb Code   100  ff.o(i.chk_lock)
    i.clear_lock                             0x080039d0   Section        0  ff.o(i.clear_lock)
    clear_lock                               0x080039d1   Thumb Code    32  ff.o(i.clear_lock)
    i.clmt_clust                             0x080039f4   Section        0  ff.o(i.clmt_clust)
    clmt_clust                               0x080039f5   Thumb Code    46  ff.o(i.clmt_clust)
    i.clust2sect                             0x08003a22   Section        0  ff.o(i.clust2sect)
    i.create_chain                           0x08003a3e   Section        0  ff.o(i.create_chain)
    create_chain                             0x08003a3f   Thumb Code   164  ff.o(i.create_chain)
    i.create_name                            0x08003ae4   Section        0  ff.o(i.create_name)
    create_name                              0x08003ae5   Thumb Code   492  ff.o(i.create_name)
    i.dec_lock                               0x08003ce8   Section        0  ff.o(i.dec_lock)
    dec_lock                                 0x08003ce9   Thumb Code    54  ff.o(i.dec_lock)
    i.dir_find                               0x08003d24   Section        0  ff.o(i.dir_find)
    dir_find                                 0x08003d25   Thumb Code   314  ff.o(i.dir_find)
    i.dir_next                               0x08003e64   Section        0  ff.o(i.dir_next)
    dir_next                                 0x08003e65   Thumb Code   284  ff.o(i.dir_next)
    i.dir_register                           0x08003f80   Section        0  ff.o(i.dir_register)
    dir_register                             0x08003f81   Thumb Code   444  ff.o(i.dir_register)
    i.dir_sdi                                0x08004140   Section        0  ff.o(i.dir_sdi)
    dir_sdi                                  0x08004141   Thumb Code   154  ff.o(i.dir_sdi)
    i.disk_initialize                        0x080041dc   Section        0  diskio.o(i.disk_initialize)
    i.disk_ioctl                             0x08004204   Section        0  diskio.o(i.disk_ioctl)
    i.disk_read                              0x08004220   Section        0  diskio.o(i.disk_read)
    i.disk_status                            0x0800423c   Section        0  diskio.o(i.disk_status)
    i.disk_write                             0x08004254   Section        0  diskio.o(i.disk_write)
    i.enter_to_application                   0x08004270   Section        0  main.o(i.enter_to_application)
    i.erase_page_by_user                     0x080043e8   Section        0  main.o(i.erase_page_by_user)
    i.f_close                                0x0800445c   Section        0  ff.o(i.f_close)
    i.f_mount                                0x08004488   Section        0  ff.o(i.f_mount)
    i.f_open                                 0x080044e8   Section        0  ff.o(i.f_open)
    i.f_read                                 0x080046d8   Section        0  ff.o(i.f_read)
    i.f_sync                                 0x08004866   Section        0  ff.o(i.f_sync)
    i.ff_convert                             0x08004908   Section        0  ccsbcs.o(i.ff_convert)
    i.ff_wtoupper                            0x08004940   Section        0  ccsbcs.o(i.ff_wtoupper)
    i.find_volume                            0x08004964   Section        0  ff.o(i.find_volume)
    find_volume                              0x08004965   Thumb Code   606  ff.o(i.find_volume)
    i.flash_erase                            0x08004bd0   Section        0  flash.o(i.flash_erase)
    i.flash_write                            0x08004bea   Section        0  flash.o(i.flash_write)
    i.follow_path                            0x08004c34   Section        0  ff.o(i.follow_path)
    follow_path                              0x08004c35   Thumb Code   106  ff.o(i.follow_path)
    i.gen_numname                            0x08004ca0   Section        0  ff.o(i.gen_numname)
    gen_numname                              0x08004ca1   Thumb Code   122  ff.o(i.gen_numname)
    i.get_fat                                0x08004d20   Section        0  ff.o(i.get_fat)
    i.get_fattime                            0x08004e06   Section        0  fatfs.o(i.get_fattime)
    i.get_ldnumber                           0x08004e0a   Section        0  ff.o(i.get_ldnumber)
    get_ldnumber                             0x08004e0b   Thumb Code    60  ff.o(i.get_ldnumber)
    i.inc_lock                               0x08004e48   Section        0  ff.o(i.inc_lock)
    inc_lock                                 0x08004e49   Thumb Code   146  ff.o(i.inc_lock)
    i.ld_clust                               0x08004ee0   Section        0  ff.o(i.ld_clust)
    ld_clust                                 0x08004ee1   Thumb Code    22  ff.o(i.ld_clust)
    i.load_firmware_from_sdcard              0x08004ef8   Section        0  main.o(i.load_firmware_from_sdcard)
    i.main                                   0x08005148   Section        0  main.o(i.main)
    i.mem_cpy                                0x08005530   Section        0  ff.o(i.mem_cpy)
    mem_cpy                                  0x08005531   Thumb Code    18  ff.o(i.mem_cpy)
    i.mem_set                                0x08005542   Section        0  ff.o(i.mem_set)
    mem_set                                  0x08005543   Thumb Code    14  ff.o(i.mem_set)
    i.move_window                            0x08005550   Section        0  ff.o(i.move_window)
    move_window                              0x08005551   Thumb Code    56  ff.o(i.move_window)
    i.put_fat                                0x08005588   Section        0  ff.o(i.put_fat)
    i.remove_chain                           0x080056a6   Section        0  ff.o(i.remove_chain)
    remove_chain                             0x080056a7   Thumb Code   102  ff.o(i.remove_chain)
    i.st_clust                               0x0800570c   Section        0  ff.o(i.st_clust)
    st_clust                                 0x0800570d   Thumb Code    16  ff.o(i.st_clust)
    i.sum_sfn                                0x0800571c   Section        0  ff.o(i.sum_sfn)
    sum_sfn                                  0x0800571d   Thumb Code    26  ff.o(i.sum_sfn)
    i.sync_fs                                0x08005736   Section        0  ff.o(i.sync_fs)
    sync_fs                                  0x08005737   Thumb Code   168  ff.o(i.sync_fs)
    i.sync_window                            0x080057de   Section        0  ff.o(i.sync_window)
    sync_window                              0x080057df   Thumb Code    82  ff.o(i.sync_window)
    i.validate                               0x08005830   Section        0  ff.o(i.validate)
    validate                                 0x08005831   Thumb Code    42  ff.o(i.validate)
    i.verify_application                     0x0800585c   Section        0  main.o(i.verify_application)
    locale$$code                             0x08005a78   Section       44  lc_numeric_c.o(locale$$code)
    locale$$code                             0x08005aa4   Section       44  lc_ctype_c.o(locale$$code)
    x$fpl$printf1                            0x08005ad0   Section        4  printf1.o(x$fpl$printf1)
    x$fpl$printf2                            0x08005ad4   Section        4  printf2.o(x$fpl$printf2)
    .constdata                               0x08005ad8   Section       18  stm32f1xx_hal_rcc.o(.constdata)
    x$fpl$usenofp                            0x08005ad8   Section        0  usenofp.o(x$fpl$usenofp)
    aPredivFactorTable                       0x08005ad8   Data           2  stm32f1xx_hal_rcc.o(.constdata)
    aPLLMULFactorTable                       0x08005ada   Data          16  stm32f1xx_hal_rcc.o(.constdata)
    .constdata                               0x08005aea   Section       16  system_stm32f1xx.o(.constdata)
    .constdata                               0x08005afa   Section        8  system_stm32f1xx.o(.constdata)
    .constdata                               0x08005b02   Section      186  ff.o(.constdata)
    ExCvt                                    0x08005b02   Data         128  ff.o(.constdata)
    LfnOfs                                   0x08005b82   Data          13  ff.o(.constdata)
    vst                                      0x08005b90   Data          22  ff.o(.constdata)
    cst                                      0x08005ba6   Data          22  ff.o(.constdata)
    .constdata                               0x08005bbc   Section     1216  ccsbcs.o(.constdata)
    Tbl                                      0x08005bbc   Data         256  ccsbcs.o(.constdata)
    tbl_lower                                0x08005cbc   Data         480  ccsbcs.o(.constdata)
    tbl_upper                                0x08005e9c   Data         480  ccsbcs.o(.constdata)
    .constdata                               0x0800607c   Section        8  _printf_wctomb.o(.constdata)
    initial_mbstate                          0x0800607c   Data           8  _printf_wctomb.o(.constdata)
    .constdata                               0x08006084   Section       40  _printf_hex_int_ll_ptr.o(.constdata)
    uc_hextab                                0x08006084   Data          20  _printf_hex_int_ll_ptr.o(.constdata)
    lc_hextab                                0x08006098   Data          20  _printf_hex_int_ll_ptr.o(.constdata)
    .constdata                               0x080060ac   Section       17  __printf_flags_ss_wp.o(.constdata)
    maptable                                 0x080060ac   Data          17  __printf_flags_ss_wp.o(.constdata)
    .constdata                               0x080060bd   Section       38  _printf_fp_hex.o(.constdata)
    lc_hextab                                0x080060bd   Data          19  _printf_fp_hex.o(.constdata)
    uc_hextab                                0x080060d0   Data          19  _printf_fp_hex.o(.constdata)
    .constdata                               0x080060e4   Section      148  bigflt0.o(.constdata)
    tenpwrs_x                                0x080060e4   Data          60  bigflt0.o(.constdata)
    tenpwrs_i                                0x08006120   Data          64  bigflt0.o(.constdata)
    locale$$data                             0x08006198   Section       28  lc_numeric_c.o(locale$$data)
    __lcnum_c_name                           0x0800619c   Data           2  lc_numeric_c.o(locale$$data)
    __lcnum_c_start                          0x080061a4   Data           0  lc_numeric_c.o(locale$$data)
    __lcnum_c_point                          0x080061b0   Data           0  lc_numeric_c.o(locale$$data)
    __lcnum_c_thousands                      0x080061b2   Data           0  lc_numeric_c.o(locale$$data)
    __lcnum_c_grouping                       0x080061b3   Data           0  lc_numeric_c.o(locale$$data)
    locale$$data                             0x080061b4   Section      272  lc_ctype_c.o(locale$$data)
    __lcnum_c_end                            0x080061b4   Data           0  lc_numeric_c.o(locale$$data)
    __lcctype_c_name                         0x080061b8   Data           2  lc_ctype_c.o(locale$$data)
    __lcctype_c_start                        0x080061c0   Data           0  lc_ctype_c.o(locale$$data)
    __lcctype_c_end                          0x080062c4   Data           0  lc_ctype_c.o(locale$$data)
    .data                                    0x20000000   Section        8  main.o(.data)
    .data                                    0x20000008   Section        1  user_diskio.o(.data)
    SD_Type                                  0x20000008   Data           1  user_diskio.o(.data)
    .data                                    0x2000000c   Section       20  user_diskio.o(.data)
    .data                                    0x20000020   Section        5  fatfs.o(.data)
    .data                                    0x20000028   Section       12  stm32f1xx_hal.o(.data)
    .data                                    0x20000034   Section        4  system_stm32f1xx.o(.data)
    .data                                    0x20000038   Section        8  ff.o(.data)
    Fsid                                     0x20000038   Data           2  ff.o(.data)
    FatFs                                    0x2000003c   Data           4  ff.o(.data)
    .bss                                     0x20000040   Section     8850  main.o(.bss)
    .bss                                     0x200022d8   Section       32  stm32f1xx_hal_flash.o(.bss)
    .bss                                     0x200022f8   Section      536  ff.o(.bss)
    Files                                    0x200022f8   Data          24  ff.o(.bss)
    LfnBuf                                   0x20002310   Data         512  ff.o(.bss)
    .bss                                     0x20002510   Section       12  ff_gen_drv.o(.bss)
    .bss                                     0x2000251c   Section       96  libspace.o(.bss)
    HEAP                                     0x20002580   Section      512  startup_stm32f103xb.o(HEAP)
    Heap_Mem                                 0x20002580   Data         512  startup_stm32f103xb.o(HEAP)
    STACK                                    0x20002780   Section     1024  startup_stm32f103xb.o(STACK)
    Stack_Mem                                0x20002780   Data        1024  startup_stm32f103xb.o(STACK)
    __initial_sp                             0x20002b80   Data           0  startup_stm32f103xb.o(STACK)

    Global Symbols

    Symbol Name                              Value     Ov Type        Size  Object(Section)

    BuildAttributes$$THM_ISAv4$P$D$K$B$S$PE$A:L22UL41UL21$X:L11$S22US41US21$IEEE1$IW$USESV6$~STKCKD$USESV7$~SHL$OTIME$ROPI$IEEEJ$EBA8$UX$STANDARDLIB$REQ8$PRES8$EABIv2 0x00000000   Number         0  anon$$obj.o ABSOLUTE
    __ARM_use_no_argv                        0x00000000   Number         0  main.o ABSOLUTE
    _printf_flags                            0x00000000   Number         0  printf_stubs.o ABSOLUTE
    _printf_return_value                     0x00000000   Number         0  printf_stubs.o ABSOLUTE
    _printf_sizespec                         0x00000000   Number         0  printf_stubs.o ABSOLUTE
    _printf_widthprec                        0x00000000   Number         0  printf_stubs.o ABSOLUTE
    __ARM_exceptions_init                     - Undefined Weak Reference
    __alloca_initialize                       - Undefined Weak Reference
    __arm_preinit_                            - Undefined Weak Reference
    __cpp_initialize__aeabi_                  - Undefined Weak Reference
    __cxa_finalize                            - Undefined Weak Reference
    __sigvec_lookup                           - Undefined Weak Reference
    _atexit_init                              - Undefined Weak Reference
    _call_atexit_fns                          - Undefined Weak Reference
    _clock_init                               - Undefined Weak Reference
    _fp_trap_init                             - Undefined Weak Reference
    _fp_trap_shutdown                         - Undefined Weak Reference
    _get_lc_collate                           - Undefined Weak Reference
    _get_lc_monetary                          - Undefined Weak Reference
    _get_lc_time                              - Undefined Weak Reference
    _getenv_init                              - Undefined Weak Reference
    _handle_redirection                       - Undefined Weak Reference
    _init_alloc                               - Undefined Weak Reference
    _init_user_alloc                          - Undefined Weak Reference
    _initio                                   - Undefined Weak Reference
    _printf_mbtowc                            - Undefined Weak Reference
    _printf_wc                                - Undefined Weak Reference
    _rand_init                                - Undefined Weak Reference
    _signal_finish                            - Undefined Weak Reference
    _signal_init                              - Undefined Weak Reference
    _terminate_alloc                          - Undefined Weak Reference
    _terminate_user_alloc                     - Undefined Weak Reference
    _terminateio                              - Undefined Weak Reference
    __Vectors_Size                           0x000000ec   Number         0  startup_stm32f103xb.o ABSOLUTE
    __Vectors                                0x08000000   Data           4  startup_stm32f103xb.o(RESET)
    __Vectors_End                            0x080000ec   Data           0  startup_stm32f103xb.o(RESET)
    __main                                   0x080000ed   Thumb Code     8  __main.o(!!!main)
    __scatterload                            0x080000f5   Thumb Code     0  __scatter.o(!!!scatter)
    __scatterload_rt2                        0x080000f5   Thumb Code    44  __scatter.o(!!!scatter)
    __scatterload_rt2_thumb_only             0x080000f5   Thumb Code     0  __scatter.o(!!!scatter)
    __scatterload_null                       0x08000103   Thumb Code     0  __scatter.o(!!!scatter)
    __scatterload_copy                       0x08000129   Thumb Code    26  __scatter_copy.o(!!handler_copy)
    __scatterload_zeroinit                   0x08000145   Thumb Code    28  __scatter_zi.o(!!handler_zi)
    _printf_n                                0x08000161   Thumb Code     0  _printf_n.o(.ARM.Collect$$_printf_percent$$00000001)
    _printf_percent                          0x08000161   Thumb Code     0  _printf_percent.o(.ARM.Collect$$_printf_percent$$00000000)
    _printf_p                                0x08000167   Thumb Code     0  _printf_p.o(.ARM.Collect$$_printf_percent$$00000002)
    _printf_f                                0x0800016d   Thumb Code     0  _printf_f.o(.ARM.Collect$$_printf_percent$$00000003)
    _printf_e                                0x08000173   Thumb Code     0  _printf_e.o(.ARM.Collect$$_printf_percent$$00000004)
    _printf_g                                0x08000179   Thumb Code     0  _printf_g.o(.ARM.Collect$$_printf_percent$$00000005)
    _printf_a                                0x0800017f   Thumb Code     0  _printf_a.o(.ARM.Collect$$_printf_percent$$00000006)
    _printf_ll                               0x08000185   Thumb Code     0  _printf_ll.o(.ARM.Collect$$_printf_percent$$00000007)
    _printf_i                                0x0800018f   Thumb Code     0  _printf_i.o(.ARM.Collect$$_printf_percent$$00000008)
    _printf_d                                0x08000195   Thumb Code     0  _printf_d.o(.ARM.Collect$$_printf_percent$$00000009)
    _printf_u                                0x0800019b   Thumb Code     0  _printf_u.o(.ARM.Collect$$_printf_percent$$0000000A)
    _printf_o                                0x080001a1   Thumb Code     0  _printf_o.o(.ARM.Collect$$_printf_percent$$0000000B)
    _printf_x                                0x080001a7   Thumb Code     0  _printf_x.o(.ARM.Collect$$_printf_percent$$0000000C)
    _printf_lli                              0x080001ad   Thumb Code     0  _printf_lli.o(.ARM.Collect$$_printf_percent$$0000000D)
    _printf_lld                              0x080001b3   Thumb Code     0  _printf_lld.o(.ARM.Collect$$_printf_percent$$0000000E)
    _printf_llu                              0x080001b9   Thumb Code     0  _printf_llu.o(.ARM.Collect$$_printf_percent$$0000000F)
    _printf_llo                              0x080001bf   Thumb Code     0  _printf_llo.o(.ARM.Collect$$_printf_percent$$00000010)
    _printf_llx                              0x080001c5   Thumb Code     0  _printf_llx.o(.ARM.Collect$$_printf_percent$$00000011)
    _printf_l                                0x080001cb   Thumb Code     0  _printf_l.o(.ARM.Collect$$_printf_percent$$00000012)
    _printf_c                                0x080001d5   Thumb Code     0  _printf_c.o(.ARM.Collect$$_printf_percent$$00000013)
    _printf_s                                0x080001db   Thumb Code     0  _printf_s.o(.ARM.Collect$$_printf_percent$$00000014)
    _printf_lc                               0x080001e1   Thumb Code     0  _printf_lc.o(.ARM.Collect$$_printf_percent$$00000015)
    _printf_ls                               0x080001e7   Thumb Code     0  _printf_ls.o(.ARM.Collect$$_printf_percent$$00000016)
    _printf_percent_end                      0x080001ed   Thumb Code     0  _printf_percent_end.o(.ARM.Collect$$_printf_percent$$00000017)
    __rt_lib_init                            0x080001f1   Thumb Code     0  libinit.o(.ARM.Collect$$libinit$$00000000)
    __rt_lib_init_fp_1                       0x080001f3   Thumb Code     0  libinit2.o(.ARM.Collect$$libinit$$00000002)
    __rt_lib_init_heap_1                     0x080001f3   Thumb Code     0  libinit2.o(.ARM.Collect$$libinit$$0000000A)
    __rt_lib_init_lc_common                  0x080001f3   Thumb Code     0  libinit2.o(.ARM.Collect$$libinit$$0000000F)
    __rt_lib_init_preinit_1                  0x080001f3   Thumb Code     0  libinit2.o(.ARM.Collect$$libinit$$00000004)
    __rt_lib_init_rand_1                     0x080001f3   Thumb Code     0  libinit2.o(.ARM.Collect$$libinit$$0000000E)
    __rt_lib_init_user_alloc_1               0x080001f3   Thumb Code     0  libinit2.o(.ARM.Collect$$libinit$$0000000C)
    __rt_lib_init_lc_collate_1               0x080001f9   Thumb Code     0  libinit2.o(.ARM.Collect$$libinit$$00000011)
    __rt_lib_init_lc_ctype_2                 0x080001f9   Thumb Code     0  libinit2.o(.ARM.Collect$$libinit$$00000012)
    __rt_lib_init_lc_ctype_1                 0x08000205   Thumb Code     0  libinit2.o(.ARM.Collect$$libinit$$00000013)
    __rt_lib_init_lc_monetary_1              0x08000205   Thumb Code     0  libinit2.o(.ARM.Collect$$libinit$$00000015)
    __rt_lib_init_lc_numeric_2               0x08000205   Thumb Code     0  libinit2.o(.ARM.Collect$$libinit$$00000016)
    __rt_lib_init_alloca_1                   0x0800020f   Thumb Code     0  libinit2.o(.ARM.Collect$$libinit$$0000002E)
    __rt_lib_init_argv_1                     0x0800020f   Thumb Code     0  libinit2.o(.ARM.Collect$$libinit$$0000002C)
    __rt_lib_init_atexit_1                   0x0800020f   Thumb Code     0  libinit2.o(.ARM.Collect$$libinit$$0000001B)
    __rt_lib_init_clock_1                    0x0800020f   Thumb Code     0  libinit2.o(.ARM.Collect$$libinit$$00000021)
    __rt_lib_init_cpp_1                      0x0800020f   Thumb Code     0  libinit2.o(.ARM.Collect$$libinit$$00000032)
    __rt_lib_init_exceptions_1               0x0800020f   Thumb Code     0  libinit2.o(.ARM.Collect$$libinit$$00000030)
    __rt_lib_init_fp_trap_1                  0x0800020f   Thumb Code     0  libinit2.o(.ARM.Collect$$libinit$$0000001F)
    __rt_lib_init_getenv_1                   0x0800020f   Thumb Code     0  libinit2.o(.ARM.Collect$$libinit$$00000023)
    __rt_lib_init_lc_numeric_1               0x0800020f   Thumb Code     0  libinit2.o(.ARM.Collect$$libinit$$00000017)
    __rt_lib_init_lc_time_1                  0x0800020f   Thumb Code     0  libinit2.o(.ARM.Collect$$libinit$$00000019)
    __rt_lib_init_return                     0x0800020f   Thumb Code     0  libinit2.o(.ARM.Collect$$libinit$$00000033)
    __rt_lib_init_signal_1                   0x0800020f   Thumb Code     0  libinit2.o(.ARM.Collect$$libinit$$0000001D)
    __rt_lib_init_stdio_1                    0x0800020f   Thumb Code     0  libinit2.o(.ARM.Collect$$libinit$$00000025)
    __rt_lib_shutdown                        0x08000211   Thumb Code     0  libshutdown.o(.ARM.Collect$$libshutdown$$00000000)
    __rt_lib_shutdown_cpp_1                  0x08000213   Thumb Code     0  libshutdown2.o(.ARM.Collect$$libshutdown$$00000002)
    __rt_lib_shutdown_fp_trap_1              0x08000213   Thumb Code     0  libshutdown2.o(.ARM.Collect$$libshutdown$$00000007)
    __rt_lib_shutdown_heap_1                 0x08000213   Thumb Code     0  libshutdown2.o(.ARM.Collect$$libshutdown$$0000000F)
    __rt_lib_shutdown_return                 0x08000213   Thumb Code     0  libshutdown2.o(.ARM.Collect$$libshutdown$$00000010)
    __rt_lib_shutdown_signal_1               0x08000213   Thumb Code     0  libshutdown2.o(.ARM.Collect$$libshutdown$$0000000A)
    __rt_lib_shutdown_stdio_1                0x08000213   Thumb Code     0  libshutdown2.o(.ARM.Collect$$libshutdown$$00000004)
    __rt_lib_shutdown_user_alloc_1           0x08000213   Thumb Code     0  libshutdown2.o(.ARM.Collect$$libshutdown$$0000000C)
    __rt_entry                               0x08000215   Thumb Code     0  __rtentry.o(.ARM.Collect$$rtentry$$00000000)
    __rt_entry_presh_1                       0x08000215   Thumb Code     0  __rtentry2.o(.ARM.Collect$$rtentry$$00000002)
    __rt_entry_sh                            0x08000215   Thumb Code     0  __rtentry4.o(.ARM.Collect$$rtentry$$00000004)
    __rt_entry_li                            0x0800021b   Thumb Code     0  __rtentry2.o(.ARM.Collect$$rtentry$$0000000A)
    __rt_entry_postsh_1                      0x0800021b   Thumb Code     0  __rtentry2.o(.ARM.Collect$$rtentry$$00000009)
    __rt_entry_main                          0x0800021f   Thumb Code     0  __rtentry2.o(.ARM.Collect$$rtentry$$0000000D)
    __rt_entry_postli_1                      0x0800021f   Thumb Code     0  __rtentry2.o(.ARM.Collect$$rtentry$$0000000C)
    __rt_exit                                0x08000227   Thumb Code     0  rtexit.o(.ARM.Collect$$rtexit$$00000000)
    __rt_exit_ls                             0x08000229   Thumb Code     0  rtexit2.o(.ARM.Collect$$rtexit$$00000003)
    __rt_exit_prels_1                        0x08000229   Thumb Code     0  rtexit2.o(.ARM.Collect$$rtexit$$00000002)
    __rt_exit_exit                           0x0800022d   Thumb Code     0  rtexit2.o(.ARM.Collect$$rtexit$$00000004)
    Reset_Handler                            0x08000235   Thumb Code     8  startup_stm32f103xb.o(.text)
    ADC1_2_IRQHandler                        0x0800024f   Thumb Code     0  startup_stm32f103xb.o(.text)
    CAN1_RX1_IRQHandler                      0x0800024f   Thumb Code     0  startup_stm32f103xb.o(.text)
    CAN1_SCE_IRQHandler                      0x0800024f   Thumb Code     0  startup_stm32f103xb.o(.text)
    DMA1_Channel1_IRQHandler                 0x0800024f   Thumb Code     0  startup_stm32f103xb.o(.text)
    DMA1_Channel2_IRQHandler                 0x0800024f   Thumb Code     0  startup_stm32f103xb.o(.text)
    DMA1_Channel3_IRQHandler                 0x0800024f   Thumb Code     0  startup_stm32f103xb.o(.text)
    DMA1_Channel4_IRQHandler                 0x0800024f   Thumb Code     0  startup_stm32f103xb.o(.text)
    DMA1_Channel5_IRQHandler                 0x0800024f   Thumb Code     0  startup_stm32f103xb.o(.text)
    DMA1_Channel6_IRQHandler                 0x0800024f   Thumb Code     0  startup_stm32f103xb.o(.text)
    DMA1_Channel7_IRQHandler                 0x0800024f   Thumb Code     0  startup_stm32f103xb.o(.text)
    EXTI0_IRQHandler                         0x0800024f   Thumb Code     0  startup_stm32f103xb.o(.text)
    EXTI15_10_IRQHandler                     0x0800024f   Thumb Code     0  startup_stm32f103xb.o(.text)
    EXTI1_IRQHandler                         0x0800024f   Thumb Code     0  startup_stm32f103xb.o(.text)
    EXTI2_IRQHandler                         0x0800024f   Thumb Code     0  startup_stm32f103xb.o(.text)
    EXTI3_IRQHandler                         0x0800024f   Thumb Code     0  startup_stm32f103xb.o(.text)
    EXTI4_IRQHandler                         0x0800024f   Thumb Code     0  startup_stm32f103xb.o(.text)
    EXTI9_5_IRQHandler                       0x0800024f   Thumb Code     0  startup_stm32f103xb.o(.text)
    FLASH_IRQHandler                         0x0800024f   Thumb Code     0  startup_stm32f103xb.o(.text)
    I2C1_ER_IRQHandler                       0x0800024f   Thumb Code     0  startup_stm32f103xb.o(.text)
    I2C1_EV_IRQHandler                       0x0800024f   Thumb Code     0  startup_stm32f103xb.o(.text)
    I2C2_ER_IRQHandler                       0x0800024f   Thumb Code     0  startup_stm32f103xb.o(.text)
    I2C2_EV_IRQHandler                       0x0800024f   Thumb Code     0  startup_stm32f103xb.o(.text)
    PVD_IRQHandler                           0x0800024f   Thumb Code     0  startup_stm32f103xb.o(.text)
    RCC_IRQHandler                           0x0800024f   Thumb Code     0  startup_stm32f103xb.o(.text)
    RTC_Alarm_IRQHandler                     0x0800024f   Thumb Code     0  startup_stm32f103xb.o(.text)
    RTC_IRQHandler                           0x0800024f   Thumb Code     0  startup_stm32f103xb.o(.text)
    SPI1_IRQHandler                          0x0800024f   Thumb Code     0  startup_stm32f103xb.o(.text)
    SPI2_IRQHandler                          0x0800024f   Thumb Code     0  startup_stm32f103xb.o(.text)
    TAMPER_IRQHandler                        0x0800024f   Thumb Code     0  startup_stm32f103xb.o(.text)
    TIM1_BRK_IRQHandler                      0x0800024f   Thumb Code     0  startup_stm32f103xb.o(.text)
    TIM1_CC_IRQHandler                       0x0800024f   Thumb Code     0  startup_stm32f103xb.o(.text)
    TIM1_TRG_COM_IRQHandler                  0x0800024f   Thumb Code     0  startup_stm32f103xb.o(.text)
    TIM1_UP_IRQHandler                       0x0800024f   Thumb Code     0  startup_stm32f103xb.o(.text)
    TIM2_IRQHandler                          0x0800024f   Thumb Code     0  startup_stm32f103xb.o(.text)
    TIM3_IRQHandler                          0x0800024f   Thumb Code     0  startup_stm32f103xb.o(.text)
    TIM4_IRQHandler                          0x0800024f   Thumb Code     0  startup_stm32f103xb.o(.text)
    USART1_IRQHandler                        0x0800024f   Thumb Code     0  startup_stm32f103xb.o(.text)
    USART2_IRQHandler                        0x0800024f   Thumb Code     0  startup_stm32f103xb.o(.text)
    USART3_IRQHandler                        0x0800024f   Thumb Code     0  startup_stm32f103xb.o(.text)
    USBWakeUp_IRQHandler                     0x0800024f   Thumb Code     0  startup_stm32f103xb.o(.text)
    USB_HP_CAN1_TX_IRQHandler                0x0800024f   Thumb Code     0  startup_stm32f103xb.o(.text)
    USB_LP_CAN1_RX0_IRQHandler               0x0800024f   Thumb Code     0  startup_stm32f103xb.o(.text)
    WWDG_IRQHandler                          0x0800024f   Thumb Code     0  startup_stm32f103xb.o(.text)
    __user_initial_stackheap                 0x08000251   Thumb Code     0  startup_stm32f103xb.o(.text)
    __aeabi_llsr                             0x08000275   Thumb Code     0  llushr.o(.text)
    _ll_ushift_r                             0x08000275   Thumb Code    38  llushr.o(.text)
    vsnprintf                                0x0800029d   Thumb Code    48  vsnprintf.o(.text)
    strlen                                   0x080002d1   Thumb Code    62  strlen.o(.text)
    __aeabi_memclr4                          0x0800030f   Thumb Code     0  rt_memclr_w.o(.text)
    __aeabi_memclr8                          0x0800030f   Thumb Code     0  rt_memclr_w.o(.text)
    __rt_memclr_w                            0x0800030f   Thumb Code    78  rt_memclr_w.o(.text)
    _memset_w                                0x08000313   Thumb Code     0  rt_memclr_w.o(.text)
    __use_two_region_memory                  0x0800035d   Thumb Code     2  heapauxi.o(.text)
    __rt_heap_escrow$2region                 0x0800035f   Thumb Code     2  heapauxi.o(.text)
    __rt_heap_expand$2region                 0x08000361   Thumb Code     2  heapauxi.o(.text)
    _printf_pre_padding                      0x08000363   Thumb Code    44  _printf_pad.o(.text)
    _printf_post_padding                     0x0800038f   Thumb Code    34  _printf_pad.o(.text)
    _printf_truncate_signed                  0x080003b1   Thumb Code    18  _printf_truncate.o(.text)
    _printf_truncate_unsigned                0x080003c3   Thumb Code    18  _printf_truncate.o(.text)
    _printf_str                              0x080003d5   Thumb Code    82  _printf_str.o(.text)
    _printf_int_dec                          0x08000429   Thumb Code   104  _printf_dec.o(.text)
    _printf_charcount                        0x080004a1   Thumb Code    40  _printf_charcount.o(.text)
    _printf_char_common                      0x080004d3   Thumb Code    32  _printf_char_common.o(.text)
    _sputc                                   0x080004f9   Thumb Code    10  _sputc.o(.text)
    _snputc                                  0x08000503   Thumb Code    16  _snputc.o(.text)
    _printf_wctomb                           0x08000515   Thumb Code   182  _printf_wctomb.o(.text)
    _printf_longlong_dec                     0x080005d1   Thumb Code   108  _printf_longlong_dec.o(.text)
    _printf_longlong_oct                     0x0800064d   Thumb Code    68  _printf_oct_int_ll.o(.text)
    _printf_int_oct                          0x08000691   Thumb Code    24  _printf_oct_int_ll.o(.text)
    _printf_ll_oct                           0x080006a9   Thumb Code    12  _printf_oct_int_ll.o(.text)
    _printf_longlong_hex                     0x080006bd   Thumb Code    86  _printf_hex_int_ll_ptr.o(.text)
    _printf_int_hex                          0x08000713   Thumb Code    28  _printf_hex_int_ll_ptr.o(.text)
    _printf_ll_hex                           0x0800072f   Thumb Code    12  _printf_hex_int_ll_ptr.o(.text)
    _printf_hex_ptr                          0x0800073b   Thumb Code    18  _printf_hex_int_ll_ptr.o(.text)
    __printf                                 0x08000751   Thumb Code   388  __printf_flags_ss_wp.o(.text)
    _ll_udiv10                               0x080008d9   Thumb Code   138  lludiv10.o(.text)
    _printf_int_common                       0x08000963   Thumb Code   178  _printf_intcommon.o(.text)
    __lib_sel_fp_printf                      0x08000a15   Thumb Code     2  _printf_fp_dec.o(.text)
    _printf_fp_dec_real                      0x08000bc3   Thumb Code   620  _printf_fp_dec.o(.text)
    _printf_fp_hex_real                      0x08000e31   Thumb Code   754  _printf_fp_hex.o(.text)
    _printf_cs_common                        0x0800112d   Thumb Code    20  _printf_char.o(.text)
    _printf_char                             0x08001141   Thumb Code    16  _printf_char.o(.text)
    _printf_string                           0x08001151   Thumb Code     8  _printf_char.o(.text)
    _printf_lcs_common                       0x08001159   Thumb Code    20  _printf_wchar.o(.text)
    _printf_wchar                            0x0800116d   Thumb Code    16  _printf_wchar.o(.text)
    _printf_wstring                          0x0800117d   Thumb Code     8  _printf_wchar.o(.text)
    _wcrtomb                                 0x08001185   Thumb Code    64  _wcrtomb.o(.text)
    __user_setup_stackheap                   0x080011c5   Thumb Code    74  sys_stackheap_outer.o(.text)
    __rt_ctype_table                         0x08001211   Thumb Code    16  rt_ctype_table.o(.text)
    __rt_locale                              0x08001221   Thumb Code     8  rt_locale_intlibspace.o(.text)
    _printf_fp_infnan                        0x08001229   Thumb Code   112  _printf_fp_infnan.o(.text)
    _btod_etento                             0x080012a9   Thumb Code   216  bigflt0.o(.text)
    exit                                     0x08001385   Thumb Code    18  exit.o(.text)
    __user_libspace                          0x08001399   Thumb Code     8  libspace.o(.text)
    __user_perproc_libspace                  0x08001399   Thumb Code     0  libspace.o(.text)
    __user_perthread_libspace                0x08001399   Thumb Code     0  libspace.o(.text)
    strcmp                                   0x080013a1   Thumb Code   128  strcmpv7m.o(.text)
    _sys_exit                                0x08001421   Thumb Code     8  sys_exit.o(.text)
    __I$use$semihosting                      0x0800142d   Thumb Code     0  use_no_semi.o(.text)
    __use_no_semihosting_swi                 0x0800142d   Thumb Code     2  use_no_semi.o(.text)
    __semihosting_library_function           0x0800142f   Thumb Code     0  indicate_semi.o(.text)
    _btod_d2e                                0x0800142f   Thumb Code    62  btod.o(CL$$btod_d2e)
    _d2e_denorm_low                          0x0800146d   Thumb Code    70  btod.o(CL$$btod_d2e_denorm_low)
    _d2e_norm_op1                            0x080014b3   Thumb Code    96  btod.o(CL$$btod_d2e_norm_op1)
    __btod_div_common                        0x08001513   Thumb Code   696  btod.o(CL$$btod_div_common)
    _e2e                                     0x0800184b   Thumb Code   198  btod.o(CL$$btod_e2e)
    _btod_ediv                               0x08001911   Thumb Code    40  btod.o(CL$$btod_ediv)
    _btod_emul                               0x08001939   Thumb Code    40  btod.o(CL$$btod_emul)
    __btod_mult_common                       0x08001961   Thumb Code   580  btod.o(CL$$btod_mult_common)
    BusFault_Handler                         0x08001ba5   Thumb Code     2  stm32f1xx_it.o(i.BusFault_Handler)
    DebugMon_Handler                         0x08001ba7   Thumb Code     2  stm32f1xx_it.o(i.DebugMon_Handler)
    FATFS_LinkDriver                         0x08001ba9   Thumb Code     6  ff_gen_drv.o(i.FATFS_LinkDriver)
    FATFS_LinkDriverEx                       0x08001bb1   Thumb Code    60  ff_gen_drv.o(i.FATFS_LinkDriverEx)
    FLASH_PageErase                          0x08001c15   Thumb Code    28  stm32f1xx_hal_flash_ex.o(i.FLASH_PageErase)
    FLASH_WaitForLastOperation               0x08001cb1   Thumb Code    80  stm32f1xx_hal_flash.o(i.FLASH_WaitForLastOperation)
    HAL_DeInit                               0x08001d05   Thumb Code    26  stm32f1xx_hal.o(i.HAL_DeInit)
    HAL_Delay                                0x08001d25   Thumb Code    32  stm32f1xx_hal.o(i.HAL_Delay)
    HAL_FLASHEx_Erase                        0x08001d49   Thumb Code   160  stm32f1xx_hal_flash_ex.o(i.HAL_FLASHEx_Erase)
    HAL_FLASH_Lock                           0x08001df1   Thumb Code    14  stm32f1xx_hal_flash.o(i.HAL_FLASH_Lock)
    HAL_FLASH_Program                        0x08001e05   Thumb Code   120  stm32f1xx_hal_flash.o(i.HAL_FLASH_Program)
    HAL_FLASH_Unlock                         0x08001e85   Thumb Code    28  stm32f1xx_hal_flash.o(i.HAL_FLASH_Unlock)
    HAL_GPIO_DeInit                          0x08001ead   Thumb Code   254  stm32f1xx_hal_gpio.o(i.HAL_GPIO_DeInit)
    HAL_GPIO_Init                            0x08001fc5   Thumb Code   446  stm32f1xx_hal_gpio.o(i.HAL_GPIO_Init)
    HAL_GPIO_ReadPin                         0x080021a5   Thumb Code    10  stm32f1xx_hal_gpio.o(i.HAL_GPIO_ReadPin)
    HAL_GPIO_WritePin                        0x080021af   Thumb Code    10  stm32f1xx_hal_gpio.o(i.HAL_GPIO_WritePin)
    HAL_GetTick                              0x080021b9   Thumb Code     6  stm32f1xx_hal.o(i.HAL_GetTick)
    HAL_IncTick                              0x080021c5   Thumb Code    12  stm32f1xx_hal.o(i.HAL_IncTick)
    HAL_Init                                 0x080021d5   Thumb Code    32  stm32f1xx_hal.o(i.HAL_Init)
    HAL_InitTick                             0x080021f9   Thumb Code    54  stm32f1xx_hal.o(i.HAL_InitTick)
    HAL_MspDeInit                            0x08002239   Thumb Code     2  stm32f1xx_hal.o(i.HAL_MspDeInit)
    HAL_MspInit                              0x0800223d   Thumb Code    52  stm32f1xx_hal_msp.o(i.HAL_MspInit)
    HAL_NVIC_SetPriority                     0x08002279   Thumb Code    60  stm32f1xx_hal_cortex.o(i.HAL_NVIC_SetPriority)
    HAL_NVIC_SetPriorityGrouping             0x080022b9   Thumb Code    26  stm32f1xx_hal_cortex.o(i.HAL_NVIC_SetPriorityGrouping)
    HAL_PRINTF                               0x080022dd   Thumb Code    52  main.o(i.HAL_PRINTF)
    HAL_RCC_ClockConfig                      0x08002319   Thumb Code   280  stm32f1xx_hal_rcc.o(i.HAL_RCC_ClockConfig)
    HAL_RCC_DeInit                           0x08002445   Thumb Code   202  stm32f1xx_hal_rcc.o(i.HAL_RCC_DeInit)
    HAL_RCC_GetPCLK1Freq                     0x08002521   Thumb Code    20  stm32f1xx_hal_rcc.o(i.HAL_RCC_GetPCLK1Freq)
    HAL_RCC_GetPCLK2Freq                     0x08002541   Thumb Code    20  stm32f1xx_hal_rcc.o(i.HAL_RCC_GetPCLK2Freq)
    HAL_RCC_GetSysClockFreq                  0x08002561   Thumb Code    58  stm32f1xx_hal_rcc.o(i.HAL_RCC_GetSysClockFreq)
    HAL_RCC_OscConfig                        0x080025ad   Thumb Code   778  stm32f1xx_hal_rcc.o(i.HAL_RCC_OscConfig)
    HAL_SPI_DeInit                           0x080028cd   Thumb Code    46  stm32f1xx_hal_spi.o(i.HAL_SPI_DeInit)
    HAL_SPI_Init                             0x080028fb   Thumb Code   178  stm32f1xx_hal_spi.o(i.HAL_SPI_Init)
    HAL_SPI_MspDeInit                        0x080029ad   Thumb Code    28  stm32f1xx_hal_msp.o(i.HAL_SPI_MspDeInit)
    HAL_SPI_MspInit                          0x080029d5   Thumb Code    98  stm32f1xx_hal_msp.o(i.HAL_SPI_MspInit)
    HAL_SPI_Receive                          0x08002a45   Thumb Code   340  stm32f1xx_hal_spi.o(i.HAL_SPI_Receive)
    HAL_SPI_Transmit                         0x08002b99   Thumb Code   358  stm32f1xx_hal_spi.o(i.HAL_SPI_Transmit)
    HAL_SPI_TransmitReceive                  0x08002cff   Thumb Code   496  stm32f1xx_hal_spi.o(i.HAL_SPI_TransmitReceive)
    HAL_SYSTICK_Config                       0x08002eef   Thumb Code    40  stm32f1xx_hal_cortex.o(i.HAL_SYSTICK_Config)
    HAL_UART_DeInit                          0x08002f17   Thumb Code    54  stm32f1xx_hal_uart.o(i.HAL_UART_DeInit)
    HAL_UART_Init                            0x08002f4d   Thumb Code   100  stm32f1xx_hal_uart.o(i.HAL_UART_Init)
    HAL_UART_MspDeInit                       0x08002fb1   Thumb Code    30  stm32f1xx_hal_msp.o(i.HAL_UART_MspDeInit)
    HAL_UART_MspInit                         0x08002fdd   Thumb Code   100  stm32f1xx_hal_msp.o(i.HAL_UART_MspInit)
    HAL_UART_Transmit                        0x0800304d   Thumb Code   160  stm32f1xx_hal_uart.o(i.HAL_UART_Transmit)
    HardFault_Handler                        0x080030ed   Thumb Code     2  stm32f1xx_it.o(i.HardFault_Handler)
    MX_FATFS_Init                            0x080030f1   Thumb Code    18  fatfs.o(i.MX_FATFS_Init)
    MemManage_Handler                        0x08003205   Thumb Code     2  stm32f1xx_it.o(i.MemManage_Handler)
    NMI_Handler                              0x08003207   Thumb Code     2  stm32f1xx_it.o(i.NMI_Handler)
    PendSV_Handler                           0x08003209   Thumb Code     2  stm32f1xx_it.o(i.PendSV_Handler)
    SVC_Handler                              0x08003525   Thumb Code     2  stm32f1xx_it.o(i.SVC_Handler)
    SysTick_Handler                          0x08003527   Thumb Code     4  stm32f1xx_it.o(i.SysTick_Handler)
    SystemClock_Config                       0x0800352b   Thumb Code    94  main.o(i.SystemClock_Config)
    SystemInit                               0x08003589   Thumb Code     2  system_stm32f1xx.o(i.SystemInit)
    USER_initialize                          0x08003705   Thumb Code   276  user_diskio.o(i.USER_initialize)
    USER_ioctl                               0x08003821   Thumb Code    40  user_diskio.o(i.USER_ioctl)
    USER_read                                0x08003849   Thumb Code    42  user_diskio.o(i.USER_read)
    USER_status                              0x08003873   Thumb Code     4  user_diskio.o(i.USER_status)
    USER_write                               0x08003877   Thumb Code    42  user_diskio.o(i.USER_write)
    UsageFault_Handler                       0x080038a1   Thumb Code     2  stm32f1xx_it.o(i.UsageFault_Handler)
    __ARM_fpclassify                         0x080038a3   Thumb Code    40  fpclassify.o(i.__ARM_fpclassify)
    _is_digit                                0x080038eb   Thumb Code    14  __printf_wp.o(i._is_digit)
    clust2sect                               0x08003a23   Thumb Code    28  ff.o(i.clust2sect)
    disk_initialize                          0x080041dd   Thumb Code    36  diskio.o(i.disk_initialize)
    disk_ioctl                               0x08004205   Thumb Code    24  diskio.o(i.disk_ioctl)
    disk_read                                0x08004221   Thumb Code    24  diskio.o(i.disk_read)
    disk_status                              0x0800423d   Thumb Code    18  diskio.o(i.disk_status)
    disk_write                               0x08004255   Thumb Code    24  diskio.o(i.disk_write)
    enter_to_application                     0x08004271   Thumb Code   158  main.o(i.enter_to_application)
    erase_page_by_user                       0x080043e9   Thumb Code    54  main.o(i.erase_page_by_user)
    f_close                                  0x0800445d   Thumb Code    42  ff.o(i.f_close)
    f_mount                                  0x08004489   Thumb Code    92  ff.o(i.f_mount)
    f_open                                   0x080044e9   Thumb Code   492  ff.o(i.f_open)
    f_read                                   0x080046d9   Thumb Code   398  ff.o(i.f_read)
    f_sync                                   0x08004867   Thumb Code   162  ff.o(i.f_sync)
    ff_convert                               0x08004909   Thumb Code    52  ccsbcs.o(i.ff_convert)
    ff_wtoupper                              0x08004941   Thumb Code    28  ccsbcs.o(i.ff_wtoupper)
    flash_erase                              0x08004bd1   Thumb Code    26  flash.o(i.flash_erase)
    flash_write                              0x08004beb   Thumb Code    74  flash.o(i.flash_write)
    get_fat                                  0x08004d21   Thumb Code   230  ff.o(i.get_fat)
    get_fattime                              0x08004e07   Thumb Code     4  fatfs.o(i.get_fattime)
    load_firmware_from_sdcard                0x08004ef9   Thumb Code   246  main.o(i.load_firmware_from_sdcard)
    main                                     0x08005149   Thumb Code   318  main.o(i.main)
    put_fat                                  0x08005589   Thumb Code   286  ff.o(i.put_fat)
    verify_application                       0x0800585d   Thumb Code   148  main.o(i.verify_application)
    _get_lc_numeric                          0x08005a79   Thumb Code    44  lc_numeric_c.o(locale$$code)
    _get_lc_ctype                            0x08005aa5   Thumb Code    44  lc_ctype_c.o(locale$$code)
    _printf_fp_dec                           0x08005ad1   Thumb Code     4  printf1.o(x$fpl$printf1)
    _printf_fp_hex                           0x08005ad5   Thumb Code     4  printf2.o(x$fpl$printf2)
    __I$use$fp                               0x08005ad8   Number         0  usenofp.o(x$fpl$usenofp)
    AHBPrescTable                            0x08005aea   Data          16  system_stm32f1xx.o(.constdata)
    APBPrescTable                            0x08005afa   Data           8  system_stm32f1xx.o(.constdata)
    Region$$Table$$Base                      0x08006178   Number         0  anon$$obj.o(Region$$Table)
    Region$$Table$$Limit                     0x08006198   Number         0  anon$$obj.o(Region$$Table)
    __ctype                                  0x080061c1   Data           0  lc_ctype_c.o(locale$$data)
    fr                                       0x20000000   Data           1  main.o(.data)
    br                                       0x20000004   Data           4  main.o(.data)
    USER_Driver                              0x2000000c   Data          20  user_diskio.o(.data)
    retUSER                                  0x20000020   Data           1  fatfs.o(.data)
    USERPath                                 0x20000021   Data           4  fatfs.o(.data)
    uwTickFreq                               0x20000028   Data           1  stm32f1xx_hal.o(.data)
    uwTickPrio                               0x2000002c   Data           4  stm32f1xx_hal.o(.data)
    uwTick                                   0x20000030   Data           4  stm32f1xx_hal.o(.data)
    SystemCoreClock                          0x20000034   Data           4  system_stm32f1xx.o(.data)
    hspi1                                    0x20000040   Data          88  main.o(.bss)
    huart3                                   0x20000098   Data          72  main.o(.bss)
    fs                                       0x200000e0   Data        4144  main.o(.bss)
    fil                                      0x20001110   Data        4140  main.o(.bss)
    firmware_buffer                          0x2000213c   Data         256  main.o(.bss)
    buff                                     0x2000223c   Data         150  main.o(.bss)
    pFlash                                   0x200022d8   Data          32  stm32f1xx_hal_flash.o(.bss)
    disk                                     0x20002510   Data          12  ff_gen_drv.o(.bss)
    __libspace_start                         0x2000251c   Data          96  libspace.o(.bss)
    __temporary_stack_top$libspace           0x2000257c   Data           0  libspace.o(.bss)



==============================================================================

Memory Map of the image

  Image Entry point : 0x080000ed

  Load Region LR_IROM1 (Base: 0x08000000, Size: 0x00006304, Max: 0x00010000, ABSOLUTE)

    Execution Region ER_IROM1 (Base: 0x08000000, Size: 0x000062c4, Max: 0x00010000, ABSOLUTE)

    Base Addr    Size         Type   Attr      Idx    E Section Name        Object

    0x08000000   0x000000ec   Data   RO            3    RESET               startup_stm32f103xb.o
    0x080000ec   0x00000008   Code   RO         2751  * !!!main             c_w.l(__main.o)
    0x080000f4   0x00000034   Code   RO         3074    !!!scatter          c_w.l(__scatter.o)
    0x08000128   0x0000001a   Code   RO         3076    !!handler_copy      c_w.l(__scatter_copy.o)
    0x08000142   0x00000002   PAD
    0x08000144   0x0000001c   Code   RO         3078    !!handler_zi        c_w.l(__scatter_zi.o)
    0x08000160   0x00000000   Code   RO         2837    .ARM.Collect$$_printf_percent$$00000000  c_w.l(_printf_percent.o)
    0x08000160   0x00000006   Code   RO         2826    .ARM.Collect$$_printf_percent$$00000001  c_w.l(_printf_n.o)
    0x08000166   0x00000006   Code   RO         2828    .ARM.Collect$$_printf_percent$$00000002  c_w.l(_printf_p.o)
    0x0800016c   0x00000006   Code   RO         2833    .ARM.Collect$$_printf_percent$$00000003  c_w.l(_printf_f.o)
    0x08000172   0x00000006   Code   RO         2834    .ARM.Collect$$_printf_percent$$00000004  c_w.l(_printf_e.o)
    0x08000178   0x00000006   Code   RO         2835    .ARM.Collect$$_printf_percent$$00000005  c_w.l(_printf_g.o)
    0x0800017e   0x00000006   Code   RO         2836    .ARM.Collect$$_printf_percent$$00000006  c_w.l(_printf_a.o)
    0x08000184   0x0000000a   Code   RO         2841    .ARM.Collect$$_printf_percent$$00000007  c_w.l(_printf_ll.o)
    0x0800018e   0x00000006   Code   RO         2830    .ARM.Collect$$_printf_percent$$00000008  c_w.l(_printf_i.o)
    0x08000194   0x00000006   Code   RO         2831    .ARM.Collect$$_printf_percent$$00000009  c_w.l(_printf_d.o)
    0x0800019a   0x00000006   Code   RO         2832    .ARM.Collect$$_printf_percent$$0000000A  c_w.l(_printf_u.o)
    0x080001a0   0x00000006   Code   RO         2829    .ARM.Collect$$_printf_percent$$0000000B  c_w.l(_printf_o.o)
    0x080001a6   0x00000006   Code   RO         2827    .ARM.Collect$$_printf_percent$$0000000C  c_w.l(_printf_x.o)
    0x080001ac   0x00000006   Code   RO         2838    .ARM.Collect$$_printf_percent$$0000000D  c_w.l(_printf_lli.o)
    0x080001b2   0x00000006   Code   RO         2839    .ARM.Collect$$_printf_percent$$0000000E  c_w.l(_printf_lld.o)
    0x080001b8   0x00000006   Code   RO         2840    .ARM.Collect$$_printf_percent$$0000000F  c_w.l(_printf_llu.o)
    0x080001be   0x00000006   Code   RO         2845    .ARM.Collect$$_printf_percent$$00000010  c_w.l(_printf_llo.o)
    0x080001c4   0x00000006   Code   RO         2846    .ARM.Collect$$_printf_percent$$00000011  c_w.l(_printf_llx.o)
    0x080001ca   0x0000000a   Code   RO         2842    .ARM.Collect$$_printf_percent$$00000012  c_w.l(_printf_l.o)
    0x080001d4   0x00000006   Code   RO         2824    .ARM.Collect$$_printf_percent$$00000013  c_w.l(_printf_c.o)
    0x080001da   0x00000006   Code   RO         2825    .ARM.Collect$$_printf_percent$$00000014  c_w.l(_printf_s.o)
    0x080001e0   0x00000006   Code   RO         2843    .ARM.Collect$$_printf_percent$$00000015  c_w.l(_printf_lc.o)
    0x080001e6   0x00000006   Code   RO         2844    .ARM.Collect$$_printf_percent$$00000016  c_w.l(_printf_ls.o)
    0x080001ec   0x00000004   Code   RO         2885    .ARM.Collect$$_printf_percent$$00000017  c_w.l(_printf_percent_end.o)
    0x080001f0   0x00000002   Code   RO         2934    .ARM.Collect$$libinit$$00000000  c_w.l(libinit.o)
    0x080001f2   0x00000000   Code   RO         2951    .ARM.Collect$$libinit$$00000002  c_w.l(libinit2.o)
    0x080001f2   0x00000000   Code   RO         2953    .ARM.Collect$$libinit$$00000004  c_w.l(libinit2.o)
    0x080001f2   0x00000000   Code   RO         2956    .ARM.Collect$$libinit$$0000000A  c_w.l(libinit2.o)
    0x080001f2   0x00000000   Code   RO         2958    .ARM.Collect$$libinit$$0000000C  c_w.l(libinit2.o)
    0x080001f2   0x00000000   Code   RO         2960    .ARM.Collect$$libinit$$0000000E  c_w.l(libinit2.o)
    0x080001f2   0x00000006   Code   RO         2961    .ARM.Collect$$libinit$$0000000F  c_w.l(libinit2.o)
    0x080001f8   0x00000000   Code   RO         2963    .ARM.Collect$$libinit$$00000011  c_w.l(libinit2.o)
    0x080001f8   0x0000000c   Code   RO         2964    .ARM.Collect$$libinit$$00000012  c_w.l(libinit2.o)
    0x08000204   0x00000000   Code   RO         2965    .ARM.Collect$$libinit$$00000013  c_w.l(libinit2.o)
    0x08000204   0x00000000   Code   RO         2967    .ARM.Collect$$libinit$$00000015  c_w.l(libinit2.o)
    0x08000204   0x0000000a   Code   RO         2968    .ARM.Collect$$libinit$$00000016  c_w.l(libinit2.o)
    0x0800020e   0x00000000   Code   RO         2969    .ARM.Collect$$libinit$$00000017  c_w.l(libinit2.o)
    0x0800020e   0x00000000   Code   RO         2971    .ARM.Collect$$libinit$$00000019  c_w.l(libinit2.o)
    0x0800020e   0x00000000   Code   RO         2973    .ARM.Collect$$libinit$$0000001B  c_w.l(libinit2.o)
    0x0800020e   0x00000000   Code   RO         2975    .ARM.Collect$$libinit$$0000001D  c_w.l(libinit2.o)
    0x0800020e   0x00000000   Code   RO         2977    .ARM.Collect$$libinit$$0000001F  c_w.l(libinit2.o)
    0x0800020e   0x00000000   Code   RO         2979    .ARM.Collect$$libinit$$00000021  c_w.l(libinit2.o)
    0x0800020e   0x00000000   Code   RO         2981    .ARM.Collect$$libinit$$00000023  c_w.l(libinit2.o)
    0x0800020e   0x00000000   Code   RO         2983    .ARM.Collect$$libinit$$00000025  c_w.l(libinit2.o)
    0x0800020e   0x00000000   Code   RO         2987    .ARM.Collect$$libinit$$0000002C  c_w.l(libinit2.o)
    0x0800020e   0x00000000   Code   RO         2989    .ARM.Collect$$libinit$$0000002E  c_w.l(libinit2.o)
    0x0800020e   0x00000000   Code   RO         2991    .ARM.Collect$$libinit$$00000030  c_w.l(libinit2.o)
    0x0800020e   0x00000000   Code   RO         2993    .ARM.Collect$$libinit$$00000032  c_w.l(libinit2.o)
    0x0800020e   0x00000002   Code   RO         2994    .ARM.Collect$$libinit$$00000033  c_w.l(libinit2.o)
    0x08000210   0x00000002   Code   RO         3014    .ARM.Collect$$libshutdown$$00000000  c_w.l(libshutdown.o)
    0x08000212   0x00000000   Code   RO         3027    .ARM.Collect$$libshutdown$$00000002  c_w.l(libshutdown2.o)
    0x08000212   0x00000000   Code   RO         3029    .ARM.Collect$$libshutdown$$00000004  c_w.l(libshutdown2.o)
    0x08000212   0x00000000   Code   RO         3032    .ARM.Collect$$libshutdown$$00000007  c_w.l(libshutdown2.o)
    0x08000212   0x00000000   Code   RO         3035    .ARM.Collect$$libshutdown$$0000000A  c_w.l(libshutdown2.o)
    0x08000212   0x00000000   Code   RO         3037    .ARM.Collect$$libshutdown$$0000000C  c_w.l(libshutdown2.o)
    0x08000212   0x00000000   Code   RO         3040    .ARM.Collect$$libshutdown$$0000000F  c_w.l(libshutdown2.o)
    0x08000212   0x00000002   Code   RO         3041    .ARM.Collect$$libshutdown$$00000010  c_w.l(libshutdown2.o)
    0x08000214   0x00000000   Code   RO         2753    .ARM.Collect$$rtentry$$00000000  c_w.l(__rtentry.o)
    0x08000214   0x00000000   Code   RO         2856    .ARM.Collect$$rtentry$$00000002  c_w.l(__rtentry2.o)
    0x08000214   0x00000006   Code   RO         2868    .ARM.Collect$$rtentry$$00000004  c_w.l(__rtentry4.o)
    0x0800021a   0x00000000   Code   RO         2858    .ARM.Collect$$rtentry$$00000009  c_w.l(__rtentry2.o)
    0x0800021a   0x00000004   Code   RO         2859    .ARM.Collect$$rtentry$$0000000A  c_w.l(__rtentry2.o)
    0x0800021e   0x00000000   Code   RO         2861    .ARM.Collect$$rtentry$$0000000C  c_w.l(__rtentry2.o)
    0x0800021e   0x00000008   Code   RO         2862    .ARM.Collect$$rtentry$$0000000D  c_w.l(__rtentry2.o)
    0x08000226   0x00000002   Code   RO         2943    .ARM.Collect$$rtexit$$00000000  c_w.l(rtexit.o)
    0x08000228   0x00000000   Code   RO         2996    .ARM.Collect$$rtexit$$00000002  c_w.l(rtexit2.o)
    0x08000228   0x00000004   Code   RO         2997    .ARM.Collect$$rtexit$$00000003  c_w.l(rtexit2.o)
    0x0800022c   0x00000006   Code   RO         2998    .ARM.Collect$$rtexit$$00000004  c_w.l(rtexit2.o)
    0x08000232   0x00000002   PAD
    0x08000234   0x00000040   Code   RO            4    .text               startup_stm32f103xb.o
    0x08000274   0x00000026   Code   RO         2741    .text               c_w.l(llushr.o)
    0x0800029a   0x00000002   PAD
    0x0800029c   0x00000034   Code   RO         2743    .text               c_w.l(vsnprintf.o)
    0x080002d0   0x0000003e   Code   RO         2745    .text               c_w.l(strlen.o)
    0x0800030e   0x0000004e   Code   RO         2747    .text               c_w.l(rt_memclr_w.o)
    0x0800035c   0x00000006   Code   RO         2749    .text               c_w.l(heapauxi.o)
    0x08000362   0x0000004e   Code   RO         2756    .text               c_w.l(_printf_pad.o)
    0x080003b0   0x00000024   Code   RO         2758    .text               c_w.l(_printf_truncate.o)
    0x080003d4   0x00000052   Code   RO         2760    .text               c_w.l(_printf_str.o)
    0x08000426   0x00000002   PAD
    0x08000428   0x00000078   Code   RO         2762    .text               c_w.l(_printf_dec.o)
    0x080004a0   0x00000028   Code   RO         2764    .text               c_w.l(_printf_charcount.o)
    0x080004c8   0x00000030   Code   RO         2766    .text               c_w.l(_printf_char_common.o)
    0x080004f8   0x0000000a   Code   RO         2768    .text               c_w.l(_sputc.o)
    0x08000502   0x00000010   Code   RO         2770    .text               c_w.l(_snputc.o)
    0x08000512   0x00000002   PAD
    0x08000514   0x000000bc   Code   RO         2772    .text               c_w.l(_printf_wctomb.o)
    0x080005d0   0x0000007c   Code   RO         2775    .text               c_w.l(_printf_longlong_dec.o)
    0x0800064c   0x00000070   Code   RO         2781    .text               c_w.l(_printf_oct_int_ll.o)
    0x080006bc   0x00000094   Code   RO         2801    .text               c_w.l(_printf_hex_int_ll_ptr.o)
    0x08000750   0x00000188   Code   RO         2821    .text               c_w.l(__printf_flags_ss_wp.o)
    0x080008d8   0x0000008a   Code   RO         2870    .text               c_w.l(lludiv10.o)
    0x08000962   0x000000b2   Code   RO         2872    .text               c_w.l(_printf_intcommon.o)
    0x08000a14   0x0000041a   Code   RO         2874    .text               c_w.l(_printf_fp_dec.o)
    0x08000e2e   0x00000002   PAD
    0x08000e30   0x000002fc   Code   RO         2876    .text               c_w.l(_printf_fp_hex.o)
    0x0800112c   0x0000002c   Code   RO         2881    .text               c_w.l(_printf_char.o)
    0x08001158   0x0000002c   Code   RO         2883    .text               c_w.l(_printf_wchar.o)
    0x08001184   0x00000040   Code   RO         2886    .text               c_w.l(_wcrtomb.o)
    0x080011c4   0x0000004a   Code   RO         2888    .text               c_w.l(sys_stackheap_outer.o)
    0x0800120e   0x00000002   PAD
    0x08001210   0x00000010   Code   RO         2890    .text               c_w.l(rt_ctype_table.o)
    0x08001220   0x00000008   Code   RO         2895    .text               c_w.l(rt_locale_intlibspace.o)
    0x08001228   0x00000080   Code   RO         2897    .text               c_w.l(_printf_fp_infnan.o)
    0x080012a8   0x000000dc   Code   RO         2899    .text               c_w.l(bigflt0.o)
    0x08001384   0x00000012   Code   RO         2927    .text               c_w.l(exit.o)
    0x08001396   0x00000002   PAD
    0x08001398   0x00000008   Code   RO         2940    .text               c_w.l(libspace.o)
    0x080013a0   0x00000080   Code   RO         2948    .text               c_w.l(strcmpv7m.o)
    0x08001420   0x0000000c   Code   RO         3006    .text               c_w.l(sys_exit.o)
    0x0800142c   0x00000002   Code   RO         3017    .text               c_w.l(use_no_semi.o)
    0x0800142e   0x00000000   Code   RO         3019    .text               c_w.l(indicate_semi.o)
    0x0800142e   0x0000003e   Code   RO         2902    CL$$btod_d2e        c_w.l(btod.o)
    0x0800146c   0x00000046   Code   RO         2904    CL$$btod_d2e_denorm_low  c_w.l(btod.o)
    0x080014b2   0x00000060   Code   RO         2903    CL$$btod_d2e_norm_op1  c_w.l(btod.o)
    0x08001512   0x00000338   Code   RO         2912    CL$$btod_div_common  c_w.l(btod.o)
    0x0800184a   0x000000c6   Code   RO         2909    CL$$btod_e2e        c_w.l(btod.o)
    0x08001910   0x00000028   Code   RO         2906    CL$$btod_ediv       c_w.l(btod.o)
    0x08001938   0x00000028   Code   RO         2905    CL$$btod_emul       c_w.l(btod.o)
    0x08001960   0x00000244   Code   RO         2911    CL$$btod_mult_common  c_w.l(btod.o)
    0x08001ba4   0x00000002   Code   RO          254    i.BusFault_Handler  stm32f1xx_it.o
    0x08001ba6   0x00000002   Code   RO          255    i.DebugMon_Handler  stm32f1xx_it.o
    0x08001ba8   0x00000006   Code   RO         2630    i.FATFS_LinkDriver  ff_gen_drv.o
    0x08001bae   0x00000002   PAD
    0x08001bb0   0x00000040   Code   RO         2631    i.FATFS_LinkDriverEx  ff_gen_drv.o
    0x08001bf0   0x00000024   Code   RO         1361    i.FLASH_MassErase   stm32f1xx_hal_flash_ex.o
    0x08001c14   0x00000024   Code   RO         1366    i.FLASH_PageErase   stm32f1xx_hal_flash_ex.o
    0x08001c38   0x0000001c   Code   RO         1258    i.FLASH_Program_HalfWord  stm32f1xx_hal_flash.o
    0x08001c54   0x0000005c   Code   RO         1259    i.FLASH_SetErrorCode  stm32f1xx_hal_flash.o
    0x08001cb0   0x00000054   Code   RO         1260    i.FLASH_WaitForLastOperation  stm32f1xx_hal_flash.o
    0x08001d04   0x00000020   Code   RO          547    i.HAL_DeInit        stm32f1xx_hal.o
    0x08001d24   0x00000024   Code   RO          548    i.HAL_Delay         stm32f1xx_hal.o
    0x08001d48   0x000000a8   Code   RO         1367    i.HAL_FLASHEx_Erase  stm32f1xx_hal_flash_ex.o
    0x08001df0   0x00000014   Code   RO         1264    i.HAL_FLASH_Lock    stm32f1xx_hal_flash.o
    0x08001e04   0x00000080   Code   RO         1269    i.HAL_FLASH_Program  stm32f1xx_hal_flash.o
    0x08001e84   0x00000028   Code   RO         1271    i.HAL_FLASH_Unlock  stm32f1xx_hal_flash.o
    0x08001eac   0x00000118   Code   RO          855    i.HAL_GPIO_DeInit   stm32f1xx_hal_gpio.o
    0x08001fc4   0x000001e0   Code   RO          858    i.HAL_GPIO_Init     stm32f1xx_hal_gpio.o
    0x080021a4   0x0000000a   Code   RO          860    i.HAL_GPIO_ReadPin  stm32f1xx_hal_gpio.o
    0x080021ae   0x0000000a   Code   RO          862    i.HAL_GPIO_WritePin  stm32f1xx_hal_gpio.o
    0x080021b8   0x0000000c   Code   RO          552    i.HAL_GetTick       stm32f1xx_hal.o
    0x080021c4   0x00000010   Code   RO          558    i.HAL_IncTick       stm32f1xx_hal.o
    0x080021d4   0x00000024   Code   RO          559    i.HAL_Init          stm32f1xx_hal.o
    0x080021f8   0x00000040   Code   RO          560    i.HAL_InitTick      stm32f1xx_hal.o
    0x08002238   0x00000002   Code   RO          561    i.HAL_MspDeInit     stm32f1xx_hal.o
    0x0800223a   0x00000002   PAD
    0x0800223c   0x0000003c   Code   RO          329    i.HAL_MspInit       stm32f1xx_hal_msp.o
    0x08002278   0x00000040   Code   RO         1024    i.HAL_NVIC_SetPriority  stm32f1xx_hal_cortex.o
    0x080022b8   0x00000024   Code   RO         1025    i.HAL_NVIC_SetPriorityGrouping  stm32f1xx_hal_cortex.o
    0x080022dc   0x0000003c   Code   RO          135    i.HAL_PRINTF        main.o
    0x08002318   0x0000012c   Code   RO          716    i.HAL_RCC_ClockConfig  stm32f1xx_hal_rcc.o
    0x08002444   0x000000dc   Code   RO          717    i.HAL_RCC_DeInit    stm32f1xx_hal_rcc.o
    0x08002520   0x00000020   Code   RO          723    i.HAL_RCC_GetPCLK1Freq  stm32f1xx_hal_rcc.o
    0x08002540   0x00000020   Code   RO          724    i.HAL_RCC_GetPCLK2Freq  stm32f1xx_hal_rcc.o
    0x08002560   0x0000004c   Code   RO          725    i.HAL_RCC_GetSysClockFreq  stm32f1xx_hal_rcc.o
    0x080025ac   0x00000320   Code   RO          728    i.HAL_RCC_OscConfig  stm32f1xx_hal_rcc.o
    0x080028cc   0x0000002e   Code   RO         1524    i.HAL_SPI_DeInit    stm32f1xx_hal_spi.o
    0x080028fa   0x000000b2   Code   RO         1529    i.HAL_SPI_Init      stm32f1xx_hal_spi.o
    0x080029ac   0x00000028   Code   RO          330    i.HAL_SPI_MspDeInit  stm32f1xx_hal_msp.o
    0x080029d4   0x00000070   Code   RO          331    i.HAL_SPI_MspInit   stm32f1xx_hal_msp.o
    0x08002a44   0x00000154   Code   RO         1532    i.HAL_SPI_Receive   stm32f1xx_hal_spi.o
    0x08002b98   0x00000166   Code   RO         1537    i.HAL_SPI_Transmit  stm32f1xx_hal_spi.o
    0x08002cfe   0x000001f0   Code   RO         1538    i.HAL_SPI_TransmitReceive  stm32f1xx_hal_spi.o
    0x08002eee   0x00000028   Code   RO         1029    i.HAL_SYSTICK_Config  stm32f1xx_hal_cortex.o
    0x08002f16   0x00000036   Code   RO         1865    i.HAL_UART_DeInit   stm32f1xx_hal_uart.o
    0x08002f4c   0x00000064   Code   RO         1870    i.HAL_UART_Init     stm32f1xx_hal_uart.o
    0x08002fb0   0x0000002c   Code   RO          332    i.HAL_UART_MspDeInit  stm32f1xx_hal_msp.o
    0x08002fdc   0x00000070   Code   RO          333    i.HAL_UART_MspInit  stm32f1xx_hal_msp.o
    0x0800304c   0x000000a0   Code   RO         1878    i.HAL_UART_Transmit  stm32f1xx_hal_uart.o
    0x080030ec   0x00000002   Code   RO          256    i.HardFault_Handler  stm32f1xx_it.o
    0x080030ee   0x00000002   PAD
    0x080030f0   0x0000001c   Code   RO          467    i.MX_FATFS_Init     fatfs.o
    0x0800310c   0x000000b4   Code   RO          136    i.MX_GPIO_Init      main.o
    0x080031c0   0x00000044   Code   RO          137    i.MX_SPI1_Init      main.o
    0x08003204   0x00000002   Code   RO          257    i.MemManage_Handler  stm32f1xx_it.o
    0x08003206   0x00000002   Code   RO          258    i.NMI_Handler       stm32f1xx_it.o
    0x08003208   0x00000002   Code   RO          259    i.PendSV_Handler    stm32f1xx_it.o
    0x0800320a   0x00000002   PAD
    0x0800320c   0x00000094   Code   RO          378    i.SD_ReadBlock      user_diskio.o
    0x080032a0   0x00000074   Code   RO          379    i.SD_SendCmd        user_diskio.o
    0x08003314   0x00000094   Code   RO          380    i.SD_WriteBlock     user_diskio.o
    0x080033a8   0x00000014   Code   RO          381    i.SPI_Clock         user_diskio.o
    0x080033bc   0x0000005c   Code   RO         1566    i.SPI_EndRxTransaction  stm32f1xx_hal_spi.o
    0x08003418   0x00000034   Code   RO         1567    i.SPI_EndRxTxTransaction  stm32f1xx_hal_spi.o
    0x0800344c   0x00000020   Code   RO          382    i.SPI_TxRx          user_diskio.o
    0x0800346c   0x000000b8   Code   RO         1572    i.SPI_WaitFlagStateUntilTimeout  stm32f1xx_hal_spi.o
    0x08003524   0x00000002   Code   RO          260    i.SVC_Handler       stm32f1xx_it.o
    0x08003526   0x00000004   Code   RO          261    i.SysTick_Handler   stm32f1xx_it.o
    0x0800352a   0x0000005e   Code   RO          138    i.SystemClock_Config  main.o
    0x08003588   0x00000002   Code   RO         2204    i.SystemInit        system_stm32f1xx.o
    0x0800358a   0x0000004e   Code   RO         1893    i.UART_EndRxTransfer  stm32f1xx_hal_uart.o
    0x080035d8   0x000000b8   Code   RO         1896    i.UART_SetConfig    stm32f1xx_hal_uart.o
    0x08003690   0x00000072   Code   RO         1899    i.UART_WaitOnFlagUntilTimeout  stm32f1xx_hal_uart.o
    0x08003702   0x00000002   PAD
    0x08003704   0x0000011c   Code   RO          383    i.USER_initialize   user_diskio.o
    0x08003820   0x00000028   Code   RO          384    i.USER_ioctl        user_diskio.o
    0x08003848   0x0000002a   Code   RO          385    i.USER_read         user_diskio.o
    0x08003872   0x00000004   Code   RO          386    i.USER_status       user_diskio.o
    0x08003876   0x0000002a   Code   RO          387    i.USER_write        user_diskio.o
    0x080038a0   0x00000002   Code   RO          262    i.UsageFault_Handler  stm32f1xx_it.o
    0x080038a2   0x00000028   Code   RO         2938    i.__ARM_fpclassify  m_ws.l(fpclassify.o)
    0x080038ca   0x00000020   Code   RO         1031    i.__NVIC_SetPriority  stm32f1xx_hal_cortex.o
    0x080038ea   0x0000000e   Code   RO         2814    i._is_digit         c_w.l(__printf_wp.o)
    0x080038f8   0x00000060   Code   RO         2296    i.check_fs          ff.o
    0x08003958   0x00000010   Code   RO         2297    i.chk_chr           ff.o
    0x08003968   0x00000068   Code   RO         2298    i.chk_lock          ff.o
    0x080039d0   0x00000024   Code   RO         2299    i.clear_lock        ff.o
    0x080039f4   0x0000002e   Code   RO         2300    i.clmt_clust        ff.o
    0x08003a22   0x0000001c   Code   RO         2301    i.clust2sect        ff.o
    0x08003a3e   0x000000a4   Code   RO         2302    i.create_chain      ff.o
    0x08003ae2   0x00000002   PAD
    0x08003ae4   0x00000204   Code   RO         2303    i.create_name       ff.o
    0x08003ce8   0x0000003c   Code   RO         2304    i.dec_lock          ff.o
    0x08003d24   0x00000140   Code   RO         2305    i.dir_find          ff.o
    0x08003e64   0x0000011c   Code   RO         2306    i.dir_next          ff.o
    0x08003f80   0x000001c0   Code   RO         2308    i.dir_register      ff.o
    0x08004140   0x0000009a   Code   RO         2310    i.dir_sdi           ff.o
    0x080041da   0x00000002   PAD
    0x080041dc   0x00000028   Code   RO         2241    i.disk_initialize   diskio.o
    0x08004204   0x0000001c   Code   RO         2242    i.disk_ioctl        diskio.o
    0x08004220   0x0000001c   Code   RO         2243    i.disk_read         diskio.o
    0x0800423c   0x00000018   Code   RO         2244    i.disk_status       diskio.o
    0x08004254   0x0000001c   Code   RO         2245    i.disk_write        diskio.o
    0x08004270   0x00000178   Code   RO          139    i.enter_to_application  main.o
    0x080043e8   0x00000074   Code   RO          140    i.erase_page_by_user  main.o
    0x0800445c   0x0000002a   Code   RO         2312    i.f_close           ff.o
    0x08004486   0x00000002   PAD
    0x08004488   0x00000060   Code   RO         2319    i.f_mount           ff.o
    0x080044e8   0x000001f0   Code   RO         2320    i.f_open            ff.o
    0x080046d8   0x0000018e   Code   RO         2325    i.f_read            ff.o
    0x08004866   0x000000a2   Code   RO         2329    i.f_sync            ff.o
    0x08004908   0x00000038   Code   RO         2710    i.ff_convert        ccsbcs.o
    0x08004940   0x00000024   Code   RO         2711    i.ff_wtoupper       ccsbcs.o
    0x08004964   0x0000026c   Code   RO         2334    i.find_volume       ff.o
    0x08004bd0   0x0000001a   Code   RO           13    i.flash_erase       flash.o
    0x08004bea   0x0000004a   Code   RO           15    i.flash_write       flash.o
    0x08004c34   0x0000006a   Code   RO         2335    i.follow_path       ff.o
    0x08004c9e   0x00000002   PAD
    0x08004ca0   0x00000080   Code   RO         2336    i.gen_numname       ff.o
    0x08004d20   0x000000e6   Code   RO         2337    i.get_fat           ff.o
    0x08004e06   0x00000004   Code   RO          468    i.get_fattime       fatfs.o
    0x08004e0a   0x0000003c   Code   RO         2339    i.get_ldnumber      ff.o
    0x08004e46   0x00000002   PAD
    0x08004e48   0x00000098   Code   RO         2340    i.inc_lock          ff.o
    0x08004ee0   0x00000016   Code   RO         2341    i.ld_clust          ff.o
    0x08004ef6   0x00000002   PAD
    0x08004ef8   0x00000250   Code   RO          141    i.load_firmware_from_sdcard  main.o
    0x08005148   0x000003e8   Code   RO          142    i.main              main.o
    0x08005530   0x00000012   Code   RO         2342    i.mem_cpy           ff.o
    0x08005542   0x0000000e   Code   RO         2343    i.mem_set           ff.o
    0x08005550   0x00000038   Code   RO         2344    i.move_window       ff.o
    0x08005588   0x0000011e   Code   RO         2345    i.put_fat           ff.o
    0x080056a6   0x00000066   Code   RO         2347    i.remove_chain      ff.o
    0x0800570c   0x00000010   Code   RO         2348    i.st_clust          ff.o
    0x0800571c   0x0000001a   Code   RO         2349    i.sum_sfn           ff.o
    0x08005736   0x000000a8   Code   RO         2350    i.sync_fs           ff.o
    0x080057de   0x00000052   Code   RO         2351    i.sync_window       ff.o
    0x08005830   0x0000002a   Code   RO         2352    i.validate          ff.o
    0x0800585a   0x00000002   PAD
    0x0800585c   0x0000021c   Code   RO          143    i.verify_application  main.o
    0x08005a78   0x0000002c   Code   RO         2925    locale$$code        c_w.l(lc_numeric_c.o)
    0x08005aa4   0x0000002c   Code   RO         2946    locale$$code        c_w.l(lc_ctype_c.o)
    0x08005ad0   0x00000004   Code   RO         2847    x$fpl$printf1       fz_ws.l(printf1.o)
    0x08005ad4   0x00000004   Code   RO         2849    x$fpl$printf2       fz_ws.l(printf2.o)
    0x08005ad8   0x00000000   Code   RO         2937    x$fpl$usenofp       fz_ws.l(usenofp.o)
    0x08005ad8   0x00000012   Data   RO          729    .constdata          stm32f1xx_hal_rcc.o
    0x08005aea   0x00000010   Data   RO         2205    .constdata          system_stm32f1xx.o
    0x08005afa   0x00000008   Data   RO         2206    .constdata          system_stm32f1xx.o
    0x08005b02   0x000000ba   Data   RO         2354    .constdata          ff.o
    0x08005bbc   0x000004c0   Data   RO         2712    .constdata          ccsbcs.o
    0x0800607c   0x00000008   Data   RO         2773    .constdata          c_w.l(_printf_wctomb.o)
    0x08006084   0x00000028   Data   RO         2802    .constdata          c_w.l(_printf_hex_int_ll_ptr.o)
    0x080060ac   0x00000011   Data   RO         2822    .constdata          c_w.l(__printf_flags_ss_wp.o)
    0x080060bd   0x00000026   Data   RO         2877    .constdata          c_w.l(_printf_fp_hex.o)
    0x080060e3   0x00000001   PAD
    0x080060e4   0x00000094   Data   RO         2900    .constdata          c_w.l(bigflt0.o)
    0x08006178   0x00000020   Data   RO         3072    Region$$Table       anon$$obj.o
    0x08006198   0x0000001c   Data   RO         2924    locale$$data        c_w.l(lc_numeric_c.o)
    0x080061b4   0x00000110   Data   RO         2945    locale$$data        c_w.l(lc_ctype_c.o)


    Execution Region RW_IRAM1 (Base: 0x20000000, Size: 0x00002b80, Max: 0x00005000, ABSOLUTE)

    Base Addr    Size         Type   Attr      Idx    E Section Name        Object

    0x20000000   0x00000008   Data   RW          146    .data               main.o
    0x20000008   0x00000001   Data   RW          388    .data               user_diskio.o
    0x20000009   0x00000003   PAD
    0x2000000c   0x00000014   Data   RW          389    .data               user_diskio.o
    0x20000020   0x00000005   Data   RW          471    .data               fatfs.o
    0x20000025   0x00000003   PAD
    0x20000028   0x0000000c   Data   RW          566    .data               stm32f1xx_hal.o
    0x20000034   0x00000004   Data   RW         2207    .data               system_stm32f1xx.o
    0x20000038   0x00000008   Data   RW         2355    .data               ff.o
    0x20000040   0x00002292   Zero   RW          144    .bss                main.o
    0x200022d2   0x00000006   PAD
    0x200022d8   0x00000020   Zero   RW         1272    .bss                stm32f1xx_hal_flash.o
    0x200022f8   0x00000218   Zero   RW         2353    .bss                ff.o
    0x20002510   0x0000000c   Zero   RW         2634    .bss                ff_gen_drv.o
    0x2000251c   0x00000060   Zero   RW         2941    .bss                c_w.l(libspace.o)
    0x2000257c   0x00000004   PAD
    0x20002580   0x00000200   Zero   RW            2    HEAP                startup_stm32f103xb.o
    0x20002780   0x00000400   Zero   RW            1    STACK               startup_stm32f103xb.o


==============================================================================

Image component sizes


      Code (inc. data)   RO Data    RW Data    ZI Data      Debug   Object Name

        92         12       1216          0          0       2027   ccsbcs.o
       148         22          0          0          0       3649   diskio.o
        32         10          0          5          0       1544   fatfs.o
      5594         88        186          8        536      36913   ff.o
        70          4          0          0         12       1615   ff_gen_drv.o
       100          0          0          0          0     408616   flash.o
      3026       1730          0          8       8850      16535   main.o
        64         26        236          0       1536        824   startup_stm32f103xb.o
       198         34          0         12          0       7034   stm32f1xx_hal.o
       172         14          0          0          0      28342   stm32f1xx_hal_cortex.o
       392         46          0          0         32       4822   stm32f1xx_hal_flash.o
       240         26          0          0          0       3293   stm32f1xx_hal_flash_ex.o
       780         60          0          0          0       4545   stm32f1xx_hal_gpio.o
       368         60          0          0          0       3348   stm32f1xx_hal_msp.o
      1460        102         18          0          0       5981   stm32f1xx_hal_rcc.o
      1746          4          0          0          0       8811   stm32f1xx_hal_spi.o
       690          6          0          0          0       5378   stm32f1xx_hal_uart.o
        20          0          0          0          0       3974   stm32f1xx_it.o
         0          0          0          0          0        532   syscall.o
         2          0         24          4          0       1155   system_stm32f1xx.o
       876         36          0         21          0       8064   user_diskio.o

    ----------------------------------------------------------------------
     16094       2280       1712         64      10972     557002   Object Totals
         0          0         32          0          0          0   (incl. Generated)
        24          0          0          6          6          0   (incl. Padding)

    ----------------------------------------------------------------------

      Code (inc. data)   RO Data    RW Data    ZI Data      Debug   Library Member Name

         8          0          0          0          0         68   __main.o
       392          4         17          0          0         92   __printf_flags_ss_wp.o
        14          0          0          0          0         68   __printf_wp.o
         0          0          0          0          0          0   __rtentry.o
        12          0          0          0          0          0   __rtentry2.o
         6          0          0          0          0          0   __rtentry4.o
        52          8          0          0          0          0   __scatter.o
        26          0          0          0          0          0   __scatter_copy.o
        28          0          0          0          0          0   __scatter_zi.o
         6          0          0          0          0          0   _printf_a.o
         6          0          0          0          0          0   _printf_c.o
        44          0          0          0          0        108   _printf_char.o
        48          6          0          0          0         96   _printf_char_common.o
        40          0          0          0          0         68   _printf_charcount.o
         6          0          0          0          0          0   _printf_d.o
       120         16          0          0          0         92   _printf_dec.o
         6          0          0          0          0          0   _printf_e.o
         6          0          0          0          0          0   _printf_f.o
      1050          0          0          0          0        216   _printf_fp_dec.o
       764         10         38          0          0        100   _printf_fp_hex.o
       128         16          0          0          0         84   _printf_fp_infnan.o
         6          0          0          0          0          0   _printf_g.o
       148          4         40          0          0        160   _printf_hex_int_ll_ptr.o
         6          0          0          0          0          0   _printf_i.o
       178          0          0          0          0         88   _printf_intcommon.o
        10          0          0          0          0          0   _printf_l.o
         6          0          0          0          0          0   _printf_lc.o
        10          0          0          0          0          0   _printf_ll.o
         6          0          0          0          0          0   _printf_lld.o
         6          0          0          0          0          0   _printf_lli.o
         6          0          0          0          0          0   _printf_llo.o
         6          0          0          0          0          0   _printf_llu.o
         6          0          0          0          0          0   _printf_llx.o
       124         16          0          0          0         92   _printf_longlong_dec.o
         6          0          0          0          0          0   _printf_ls.o
         6          0          0          0          0          0   _printf_n.o
         6          0          0          0          0          0   _printf_o.o
       112          8          0          0          0        124   _printf_oct_int_ll.o
         6          0          0          0          0          0   _printf_p.o
        78          0          0          0          0        108   _printf_pad.o
         0          0          0          0          0          0   _printf_percent.o
         4          0          0          0          0          0   _printf_percent_end.o
         6          0          0          0          0          0   _printf_s.o
        82          0          0          0          0         80   _printf_str.o
        36          0          0          0          0         84   _printf_truncate.o
         6          0          0          0          0          0   _printf_u.o
        44          0          0          0          0        108   _printf_wchar.o
       188          6          8          0          0         92   _printf_wctomb.o
         6          0          0          0          0          0   _printf_x.o
        16          0          0          0          0         68   _snputc.o
        10          0          0          0          0         68   _sputc.o
        64          0          0          0          0         92   _wcrtomb.o
       220          4        148          0          0         96   bigflt0.o
      1910        128          0          0          0        672   btod.o
        18          0          0          0          0         80   exit.o
         6          0          0          0          0        152   heapauxi.o
         0          0          0          0          0          0   indicate_semi.o
        44         10        272          0          0         76   lc_ctype_c.o
        44         10         28          0          0         76   lc_numeric_c.o
         2          0          0          0          0          0   libinit.o
        30          0          0          0          0          0   libinit2.o
         2          0          0          0          0          0   libshutdown.o
         2          0          0          0          0          0   libshutdown2.o
         8          4          0          0         96         68   libspace.o
       138          0          0          0          0         80   lludiv10.o
        38          0          0          0          0         68   llushr.o
        16          4          0          0          0         76   rt_ctype_table.o
         8          4          0          0          0         68   rt_locale_intlibspace.o
        78          0          0          0          0         80   rt_memclr_w.o
         2          0          0          0          0          0   rtexit.o
        10          0          0          0          0          0   rtexit2.o
       128          0          0          0          0         68   strcmpv7m.o
        62          0          0          0          0         76   strlen.o
        12          4          0          0          0         68   sys_exit.o
        74          0          0          0          0         80   sys_stackheap_outer.o
         2          0          0          0          0         68   use_no_semi.o
        52          4          0          0          0         80   vsnprintf.o
         4          0          0          0          0         68   printf1.o
         4          0          0          0          0         68   printf2.o
         0          0          0          0          0          0   usenofp.o
        40          0          0          0          0         68   fpclassify.o

    ----------------------------------------------------------------------
      6926        266        552          0        100       4392   Library Totals
        16          0          1          0          4          0   (incl. Padding)

    ----------------------------------------------------------------------

      Code (inc. data)   RO Data    RW Data    ZI Data      Debug   Library Name

      6862        266        551          0         96       4188   c_w.l
         8          0          0          0          0        136   fz_ws.l
        40          0          0          0          0         68   m_ws.l

    ----------------------------------------------------------------------
      6926        266        552          0        100       4392   Library Totals

    ----------------------------------------------------------------------

==============================================================================


      Code (inc. data)   RO Data    RW Data    ZI Data      Debug   

     23020       2546       2264         64      11072     552706   Grand Totals
     23020       2546       2264         64      11072     552706   ELF Image Totals
     23020       2546       2264         64          0          0   ROM Totals

==============================================================================

    Total RO  Size (Code + RO Data)                25284 (  24.69kB)
    Total RW  Size (RW Data + ZI Data)             11136 (  10.88kB)
    Total ROM Size (Code + RO Data + RW Data)      25348 (  24.75kB)

==============================================================================

